Archive member included to satisfy reference by file (symbol)

C:/ST/STM32CubeIDE_1.7.0/STM32CubeIDE/plugins/com.st.stm32cube.ide.mcu.externaltools.gnu-tools-for-stm32.11.3.rel1.win32_1.1.0.202305231506/tools/bin/../lib/gcc/arm-none-eabi/11.3.1/../../../../arm-none-eabi/lib/thumb/v7-m/nofp\libstdc++_nano.a(del_ops.o)
                              ./Core/Src/LinearHallSensorAH59E.o (operator delete(void*, unsigned int))
C:/ST/STM32CubeIDE_1.7.0/STM32CubeIDE/plugins/com.st.stm32cube.ide.mcu.externaltools.gnu-tools-for-stm32.11.3.rel1.win32_1.1.0.202305231506/tools/bin/../lib/gcc/arm-none-eabi/11.3.1/../../../../arm-none-eabi/lib/thumb/v7-m/nofp\libstdc++_nano.a(new_op.o)
                              ./Core/Src/alt_main.o (operator new(unsigned int))
C:/ST/STM32CubeIDE_1.7.0/STM32CubeIDE/plugins/com.st.stm32cube.ide.mcu.externaltools.gnu-tools-for-stm32.11.3.rel1.win32_1.1.0.202305231506/tools/bin/../lib/gcc/arm-none-eabi/11.3.1/../../../../arm-none-eabi/lib/thumb/v7-m/nofp\libstdc++_nano.a(functexcept.o)
                              ./Core/Src/alt_main.o (std::__throw_bad_alloc())
C:/ST/STM32CubeIDE_1.7.0/STM32CubeIDE/plugins/com.st.stm32cube.ide.mcu.externaltools.gnu-tools-for-stm32.11.3.rel1.win32_1.1.0.202305231506/tools/bin/../lib/gcc/arm-none-eabi/11.3.1/../../../../arm-none-eabi/lib/thumb/v7-m/nofp\libstdc++_nano.a(snprintf_lite.o)
                              C:/ST/STM32CubeIDE_1.7.0/STM32CubeIDE/plugins/com.st.stm32cube.ide.mcu.externaltools.gnu-tools-for-stm32.11.3.rel1.win32_1.1.0.202305231506/tools/bin/../lib/gcc/arm-none-eabi/11.3.1/../../../../arm-none-eabi/lib/thumb/v7-m/nofp\libstdc++_nano.a(functexcept.o) (__gnu_cxx::__snprintf_lite(char*, unsigned int, char const*, std::__va_list))
C:/ST/STM32CubeIDE_1.7.0/STM32CubeIDE/plugins/com.st.stm32cube.ide.mcu.externaltools.gnu-tools-for-stm32.11.3.rel1.win32_1.1.0.202305231506/tools/bin/../lib/gcc/arm-none-eabi/11.3.1/../../../../arm-none-eabi/lib/thumb/v7-m/nofp\libstdc++_nano.a(del_op.o)
                              C:/ST/STM32CubeIDE_1.7.0/STM32CubeIDE/plugins/com.st.stm32cube.ide.mcu.externaltools.gnu-tools-for-stm32.11.3.rel1.win32_1.1.0.202305231506/tools/bin/../lib/gcc/arm-none-eabi/11.3.1/../../../../arm-none-eabi/lib/thumb/v7-m/nofp\libstdc++_nano.a(del_ops.o) (operator delete(void*))
C:/ST/STM32CubeIDE_1.7.0/STM32CubeIDE/plugins/com.st.stm32cube.ide.mcu.externaltools.gnu-tools-for-stm32.11.3.rel1.win32_1.1.0.202305231506/tools/bin/../lib/gcc/arm-none-eabi/11.3.1/../../../../arm-none-eabi/lib/thumb/v7-m/nofp\libstdc++_nano.a(new_handler.o)
                              C:/ST/STM32CubeIDE_1.7.0/STM32CubeIDE/plugins/com.st.stm32cube.ide.mcu.externaltools.gnu-tools-for-stm32.11.3.rel1.win32_1.1.0.202305231506/tools/bin/../lib/gcc/arm-none-eabi/11.3.1/../../../../arm-none-eabi/lib/thumb/v7-m/nofp\libstdc++_nano.a(new_op.o) (std::get_new_handler())
C:/ST/STM32CubeIDE_1.7.0/STM32CubeIDE/plugins/com.st.stm32cube.ide.mcu.externaltools.gnu-tools-for-stm32.11.3.rel1.win32_1.1.0.202305231506/tools/bin/../lib/gcc/arm-none-eabi/11.3.1/../../../../arm-none-eabi/lib/thumb/v7-m/nofp\libc_nano.a(libc_a-abort.o)
                              C:/ST/STM32CubeIDE_1.7.0/STM32CubeIDE/plugins/com.st.stm32cube.ide.mcu.externaltools.gnu-tools-for-stm32.11.3.rel1.win32_1.1.0.202305231506/tools/bin/../lib/gcc/arm-none-eabi/11.3.1/../../../../arm-none-eabi/lib/thumb/v7-m/nofp\libstdc++_nano.a(new_op.o) (abort)
C:/ST/STM32CubeIDE_1.7.0/STM32CubeIDE/plugins/com.st.stm32cube.ide.mcu.externaltools.gnu-tools-for-stm32.11.3.rel1.win32_1.1.0.202305231506/tools/bin/../lib/gcc/arm-none-eabi/11.3.1/../../../../arm-none-eabi/lib/thumb/v7-m/nofp\libc_nano.a(libc_a-exit.o)
                              C:/ST/STM32CubeIDE_1.7.0/STM32CubeIDE/plugins/com.st.stm32cube.ide.mcu.externaltools.gnu-tools-for-stm32.11.3.rel1.win32_1.1.0.202305231506/tools/bin/../lib/gcc/arm-none-eabi/11.3.1/../../../../arm-none-eabi/lib/thumb/v7-m/nofp/crt0.o (exit)
C:/ST/STM32CubeIDE_1.7.0/STM32CubeIDE/plugins/com.st.stm32cube.ide.mcu.externaltools.gnu-tools-for-stm32.11.3.rel1.win32_1.1.0.202305231506/tools/bin/../lib/gcc/arm-none-eabi/11.3.1/../../../../arm-none-eabi/lib/thumb/v7-m/nofp\libc_nano.a(libc_a-malloc.o)
                              C:/ST/STM32CubeIDE_1.7.0/STM32CubeIDE/plugins/com.st.stm32cube.ide.mcu.externaltools.gnu-tools-for-stm32.11.3.rel1.win32_1.1.0.202305231506/tools/bin/../lib/gcc/arm-none-eabi/11.3.1/../../../../arm-none-eabi/lib/thumb/v7-m/nofp\libstdc++_nano.a(new_op.o) (malloc)
C:/ST/STM32CubeIDE_1.7.0/STM32CubeIDE/plugins/com.st.stm32cube.ide.mcu.externaltools.gnu-tools-for-stm32.11.3.rel1.win32_1.1.0.202305231506/tools/bin/../lib/gcc/arm-none-eabi/11.3.1/../../../../arm-none-eabi/lib/thumb/v7-m/nofp\libc_nano.a(libc_a-mallocr.o)
[...]
Memory Configuration

Name             Origin             Length             Attributes
RAM              0x0000000020000000 0x0000000000002800 xrw
FLASH            0x0000000008000000 0x0000000000008000 xr
*default*        0x0000000000000000 0xffffffffffffffff

Linker script and memory map

LOAD C:/ST/STM32CubeIDE_1.7.0/STM32CubeIDE/plugins/com.st.stm32cube.ide.mcu.externaltools.gnu-tools-for-stm32.11.3.rel1.win32_1.1.0.202305231506/tools/bin/../lib/gcc/arm-none-eabi/11.3.1/thumb/v7-m/nofp/crti.o
LOAD C:/ST/STM32CubeIDE_1.7.0/STM32CubeIDE/plugins/com.st.stm32cube.ide.mcu.externaltools.gnu-tools-for-stm32.11.3.rel1.win32_1.1.0.202305231506/tools/bin/../lib/gcc/arm-none-eabi/11.3.1/thumb/v7-m/nofp/crtbegin.o
LOAD C:/ST/STM32CubeIDE_1.7.0/STM32CubeIDE/plugins/com.st.stm32cube.ide.mcu.externaltools.gnu-tools-for-stm32.11.3.rel1.win32_1.1.0.202305231506/tools/bin/../lib/gcc/arm-none-eabi/11.3.1/../../../../arm-none-eabi/lib/thumb/v7-m/nofp/crt0.o
LOAD ./Core/Src/LinearHallSensorAH59E.o
LOAD ./Core/Src/adc.o
LOAD ./Core/Src/alt_main.o
LOAD ./Core/Src/gamepad.o
LOAD ./Core/Src/gamepad_analog_input_driver.o
LOAD ./Core/Src/gamepad_digital_input_driver.o
LOAD ./Core/Src/gpio.o
LOAD ./Core/Src/i2c.o
LOAD ./Core/Src/main.o
LOAD ./Core/Src/stm32f1xx_hal_msp.o
LOAD ./Core/Src/stm32f1xx_it.o
LOAD ./Core/Src/syscalls.o
LOAD ./Core/Src/sysmem.o
LOAD ./Core/Src/system_stm32f1xx.o
LOAD ./Core/Src/usart.o
LOAD ./Core/Startup/startup_stm32f103c6tx.o
LOAD ./Drivers/STM32F1xx_HAL_Driver/Src/stm32f1xx_hal.o
LOAD ./Drivers/STM32F1xx_HAL_Driver/Src/stm32f1xx_hal_adc.o
LOAD ./Drivers/STM32F1xx_HAL_Driver/Src/stm32f1xx_hal_adc_ex.o
LOAD ./Drivers/STM32F1xx_HAL_Driver/Src/stm32f1xx_hal_cortex.o
LOAD ./Drivers/STM32F1xx_HAL_Driver/Src/stm32f1xx_hal_dma.o
LOAD ./Drivers/STM32F1xx_HAL_Driver/Src/stm32f1xx_hal_exti.o
LOAD ./Drivers/STM32F1xx_HAL_Driver/Src/stm32f1xx_hal_flash.o
LOAD ./Drivers/STM32F1xx_HAL_Driver/Src/stm32f1xx_hal_flash_ex.o
LOAD ./Drivers/STM32F1xx_HAL_Driver/Src/stm32f1xx_hal_gpio.o
LOAD ./Drivers/STM32F1xx_HAL_Driver/Src/stm32f1xx_hal_gpio_ex.o
LOAD ./Drivers/STM32F1xx_HAL_Driver/Src/stm32f1xx_hal_i2c.o
LOAD ./Drivers/STM32F1xx_HAL_Driver/Src/stm32f1xx_hal_pcd.o
LOAD ./Drivers/STM32F1xx_HAL_Driver/Src/stm32f1xx_hal_pcd_ex.o
LOAD ./Drivers/STM32F1xx_HAL_Driver/Src/stm32f1xx_hal_pwr.o
LOAD ./Drivers/STM32F1xx_HAL_Driver/Src/stm32f1xx_hal_rcc.o
LOAD ./Drivers/STM32F1xx_HAL_Driver/Src/stm32f1xx_hal_rcc_ex.o
LOAD ./Drivers/STM32F1xx_HAL_Driver/Src/stm32f1xx_hal_tim.o
LOAD ./Drivers/STM32F1xx_HAL_Driver/Src/stm32f1xx_hal_tim_ex.o
LOAD ./Drivers/STM32F1xx_HAL_Driver/Src/stm32f1xx_hal_uart.o
LOAD ./Drivers/STM32F1xx_HAL_Driver/Src/stm32f1xx_ll_usb.o
LOAD ./Middlewares/ST/STM32_USB_Device_Library/Class/CustomHID/Src/usbd_customhid.o
LOAD ./Middlewares/ST/STM32_USB_Device_Library/Core/Src/usbd_core.o
LOAD ./Middlewares/ST/STM32_USB_Device_Library/Core/Src/usbd_ctlreq.o
LOAD ./Middlewares/ST/STM32_USB_Device_Library/Core/Src/usbd_ioreq.o
LOAD ./USB_DEVICE/App/usb_device.o
LOAD ./USB_DEVICE/App/usbd_custom_hid_if.o
LOAD ./USB_DEVICE/App/usbd_desc.o
LOAD ./USB_DEVICE/Target/usbd_conf.o
START GROUP
LOAD C:/ST/STM32CubeIDE_1.7.0/STM32CubeIDE/plugins/com.st.stm32cube.ide.mcu.externaltools.gnu-tools-for-stm32.11.3.rel1.win32_1.1.0.202305231506/tools/bin/../lib/gcc/arm-none-eabi/11.3.1/../../../../arm-none-eabi/lib/thumb/v7-m/nofp\libstdc++_nano.a
LOAD C:/ST/STM32CubeIDE_1.7.0/STM32CubeIDE/plugins/com.st.stm32cube.ide.mcu.externaltools.gnu-tools-for-stm32.11.3.rel1.win32_1.1.0.202305231506/tools/bin/../lib/gcc/arm-none-eabi/11.3.1/../../../../arm-none-eabi/lib/thumb/v7-m/nofp\libsupc++_nano.a
END GROUP
LOAD C:/ST/STM32CubeIDE_1.7.0/STM32CubeIDE/plugins/com.st.stm32cube.ide.mcu.externaltools.gnu-tools-for-stm32.11.3.rel1.win32_1.1.0.202305231506/tools/bin/../lib/gcc/arm-none-eabi/11.3.1/../../../../arm-none-eabi/lib/thumb/v7-m/nofp\libstdc++_nano.a
LOAD C:/ST/STM32CubeIDE_1.7.0/STM32CubeIDE/plugins/com.st.stm32cube.ide.mcu.externaltools.gnu-tools-for-stm32.11.3.rel1.win32_1.1.0.202305231506/tools/bin/../lib/gcc/arm-none-eabi/11.3.1/../../../../arm-none-eabi/lib/thumb/v7-m/nofp\libm.a
LOAD C:/ST/STM32CubeIDE_1.7.0/STM32CubeIDE/plugins/com.st.stm32cube.ide.mcu.externaltools.gnu-tools-for-stm32.11.3.rel1.win32_1.1.0.202305231506/tools/bin/../lib/gcc/arm-none-eabi/11.3.1/../../../../arm-none-eabi/lib/thumb/v7-m/nofp\libc_nano.a
START GROUP
LOAD C:/ST/STM32CubeIDE_1.7.0/STM32CubeIDE/plugins/com.st.stm32cube.ide.mcu.externaltools.gnu-tools-for-stm32.11.3.rel1.win32_1.1.0.202305231506/tools/bin/../lib/gcc/arm-none-eabi/11.3.1/thumb/v7-m/nofp\libgcc.a
LOAD C:/ST/STM32CubeIDE_1.7.0/STM32CubeIDE/plugins/com.st.stm32cube.ide.mcu.externaltools.gnu-tools-for-stm32.11.3.rel1.win32_1.1.0.202305231506/tools/bin/../lib/gcc/arm-none-eabi/11.3.1/../../../../arm-none-eabi/lib/thumb/v7-m/nofp\libc_nano.a
END GROUP
START GROUP
LOAD C:/ST/STM32CubeIDE_1.7.0/STM32CubeIDE/plugins/com.st.stm32cube.ide.mcu.externaltools.gnu-tools-for-stm32.11.3.rel1.win32_1.1.0.202305231506/tools/bin/../lib/gcc/arm-none-eabi/11.3.1/thumb/v7-m/nofp\libgcc.a
LOAD C:/ST/STM32CubeIDE_1.7.0/STM32CubeIDE/plugins/com.st.stm32cube.ide.mcu.externaltools.gnu-tools-for-stm32.11.3.rel1.win32_1.1.0.202305231506/tools/bin/../lib/gcc/arm-none-eabi/11.3.1/../../../../arm-none-eabi/lib/thumb/v7-m/nofp\libc_nano.a
LOAD C:/ST/STM32CubeIDE_1.7.0/STM32CubeIDE/plugins/com.st.stm32cube.ide.mcu.externaltools.gnu-tools-for-stm32.11.3.rel1.win32_1.1.0.202305231506/tools/bin/../lib/gcc/arm-none-eabi/11.3.1/../../../../arm-none-eabi/lib/thumb/v7-m/nofp\libnosys.a
END GROUP
START GROUP
LOAD C:/ST/STM32CubeIDE_1.7.0/STM32CubeIDE/plugins/com.st.stm32cube.ide.mcu.externaltools.gnu-tools-for-stm32.11.3.rel1.win32_1.1.0.202305231506/tools/bin/../lib/gcc/arm-none-eabi/11.3.1/thumb/v7-m/nofp\libgcc.a
LOAD C:/ST/STM32CubeIDE_1.7.0/STM32CubeIDE/plugins/com.st.stm32cube.ide.mcu.externaltools.gnu-tools-for-stm32.11.3.rel1.win32_1.1.0.202305231506/tools/bin/../lib/gcc/arm-none-eabi/11.3.1/../../../../arm-none-eabi/lib/thumb/v7-m/nofp\libc_nano.a
LOAD C:/ST/STM32CubeIDE_1.7.0/STM32CubeIDE/plugins/com.st.stm32cube.ide.mcu.externaltools.gnu-tools-for-stm32.11.3.rel1.win32_1.1.0.202305231506/tools/bin/../lib/gcc/arm-none-eabi/11.3.1/../../../../arm-none-eabi/lib/thumb/v7-m/nofp\libnosys.a
END GROUP
LOAD C:/ST/STM32CubeIDE_1.7.0/STM32CubeIDE/plugins/com.st.stm32cube.ide.mcu.externaltools.gnu-tools-for-stm32.11.3.rel1.win32_1.1.0.202305231506/tools/bin/../lib/gcc/arm-none-eabi/11.3.1/thumb/v7-m/nofp/crtend.o
LOAD C:/ST/STM32CubeIDE_1.7.0/STM32CubeIDE/plugins/com.st.stm32cube.ide.mcu.externaltools.gnu-tools-for-stm32.11.3.rel1.win32_1.1.0.202305231506/tools/bin/../lib/gcc/arm-none-eabi/11.3.1/thumb/v7-m/nofp/crtn.o
                0x0000000020002800                _estack = (ORIGIN (RAM) + LENGTH (RAM))
                0x0000000000000200                _Min_Heap_Size = 0x200
                0x0000000000000400                _Min_Stack_Size = 0x400

.isr_vector     0x0000000008000000      0x10c
                0x0000000008000000                . = ALIGN (0x4)
 *(.isr_vector)
 .isr_vector    0x0000000008000000      0x10c ./Core/Startup/startup_stm32f103c6tx.o
                0x0000000008000000                g_pfnVectors
                0x000000000800010c                . = ALIGN (0x4)

.text           0x000000000800010c     0x5408
                0x000000000800010c                . = ALIGN (0x4)
 *(.text)
 .text          0x000000000800010c       0x40 C:/ST/STM32CubeIDE_1.7.0/STM32CubeIDE/plugins/com.st.stm32cube.ide.mcu.externaltools.gnu-tools-for-stm32.11.3.rel1.win32_1.1.0.202305231506/tools/bin/../lib/gcc/arm-none-eabi/11.3.1/thumb/v7-m/nofp/crtbegin.o
 *(.text*)
 .text._ZN22LinearHallSensor_AH59ED2Ev
                0x000000000800014c        0x2 ./Core/Src/LinearHallSensorAH59E.o
                0x000000000800014c                LinearHallSensor_AH59E::~LinearHallSensor_AH59E()
                0x000000000800014c                LinearHallSensor_AH59E::~LinearHallSensor_AH59E()
 .text._ZN22LinearHallSensor_AH59ED0Ev
                0x000000000800014e        0xe ./Core/Src/LinearHallSensorAH59E.o
                0x000000000800014e                LinearHallSensor_AH59E::~LinearHallSensor_AH59E()
 .text._ZN22LinearHallSensor_AH59EC2EP19__ADC_HandleTypeDef
                0x000000000800015c       0x20 ./Core/Src/LinearHallSensorAH59E.o
                0x000000000800015c                LinearHallSensor_AH59E::LinearHallSensor_AH59E(__ADC_HandleTypeDef*)
                0x000000000800015c                LinearHallSensor_AH59E::LinearHallSensor_AH59E(__ADC_HandleTypeDef*)
 .text._ZN22LinearHallSensor_AH59E6getValEv
                0x000000000800017c       0x30 ./Core/Src/LinearHallSensorAH59E.o
                0x000000000800017c                LinearHallSensor_AH59E::getVal()
 .text.MX_ADC1_Init
                0x00000000080001ac       0x50 ./Core/Src/adc.o
                0x00000000080001ac                MX_ADC1_Init
 .text.HAL_ADC_MspInit
                0x00000000080001fc       0x5c ./Core/Src/adc.o
                0x00000000080001fc                HAL_ADC_MspInit
 .text._ZNSt12_Vector_baseIhSaIhEE11_M_allocateEj.isra.0
                0x0000000008000258       0x16 ./Core/Src/alt_main.o
 *fill*         0x000000000800026e        0x2 
 .text._write   0x0000000008000270       0x18 ./Core/Src/alt_main.o
                0x0000000008000270                _write
 .text._ZNSt12_Vector_baseIhSaIhEED2Ev
                0x0000000008000288       0x14 ./Core/Src/alt_main.o
                0x0000000008000288                std::_Vector_base<unsigned char, std::allocator<unsigned char> >::~_Vector_base()
                0x0000000008000288                std::_Vector_base<unsigned char, std::allocator<unsigned char> >::~_Vector_base()
 .text._ZNSt11__copy_moveILb0ELb1ESt26random_access_iterator_tagE8__copy_mIhEEPT_PKS3_S6_S4_
                0x000000000800029c       0x18 ./Core/Src/alt_main.o
                0x000000000800029c                unsigned char* std::__copy_move<false, true, std::random_access_iterator_tag>::__copy_m<unsigned char>(unsigned char const*, unsigned char const*, unsigned char*)
 .text._ZNSt20__uninitialized_copyILb0EE13__uninit_copyIPKSt6vectorIhSaIhEEPS4_EET0_T_S9_S8_
                0x00000000080002b4       0x50 ./Core/Src/alt_main.o
                0x00000000080002b4                std::vector<unsigned char, std::allocator<unsigned char> >* std::__uninitialized_copy<false>::__uninit_copy<std::vector<unsigned char, std::allocator<unsigned char> > const*, std::vector<unsigned char, std::allocator<unsigned char> >*>(std::vector<unsigned char, std::allocator<unsigned char> > const*, std::vector<unsigned char, std::allocator<unsigned char> > const*, std::vector<unsigned char, std::allocator<unsigned char> >*)
 .text._ZNSt11__copy_moveILb0ELb0ESt26random_access_iterator_tagE8__copy_mIPKSt6vectorIhSaIhEEPS5_EET0_T_SA_S9_
                0x0000000008000304       0xc0 ./Core/Src/alt_main.o
                0x0000000008000304                std::vector<unsigned char, std::allocator<unsigned char> >* std::__copy_move<false, false, std::random_access_iterator_tag>::__copy_m<std::vector<unsigned char, std::allocator<unsigned char> > const*, std::vector<unsigned char, std::allocator<unsigned char> >*>(std::vector<unsigned char, std::allocator<unsigned char> > const*, std::vector<unsigned char, std::allocator<unsigned char> > const*, std::vector<unsigned char, std::allocator<unsigned char> >*)
 .text._ZNSt6vectorIhSaIhEEC2ESt16initializer_listIhERKS0_
                0x00000000080003c4       0x48 ./Core/Src/alt_main.o
                0x00000000080003c4                std::vector<unsigned char, std::allocator<unsigned char> >::vector(std::initializer_list<unsigned char>, std::allocator<unsigned char> const&)
                0x00000000080003c4                std::vector<unsigned char, std::allocator<unsigned char> >::vector(std::initializer_list<unsigned char>, std::allocator<unsigned char> const&)
 .text.alt_main
                0x000000000800040c      0x1b0 ./Core/Src/alt_main.o
                0x000000000800040c                alt_main
 .text._ZN7gamepadC2Ev
                0x00000000080005bc        0xc ./Core/Src/gamepad.o
                0x00000000080005bc                gamepad::gamepad()
                0x00000000080005bc                gamepad::gamepad()
 .text._ZN7gamepad12init_gamepadEv
                0x00000000080005c8       0x78 ./Core/Src/gamepad.o
                0x00000000080005c8                gamepad::init_gamepad()
 .text._ZN7gamepad9setButtonEP12GPIO_TypeDefth
                0x0000000008000640        0x4 ./Core/Src/gamepad.o
                0x0000000008000640                gamepad::setButton(GPIO_TypeDef*, unsigned short, unsigned char)
 .text._ZN7gamepad20set_input_key_matrixEP12GPIO_TypeDefth
                0x0000000008000644        0x4 ./Core/Src/gamepad.o
                0x0000000008000644                gamepad::set_input_key_matrix(GPIO_TypeDef*, unsigned short, unsigned char)
 .text._ZN7gamepad21set_output_key_matrixEP12GPIO_TypeDefth
                0x0000000008000648        0x4 ./Core/Src/gamepad.o
                0x0000000008000648                gamepad::set_output_key_matrix(GPIO_TypeDef*, unsigned short, unsigned char)
 .text._ZN28gamepad_digital_input_driverC2Ev
                0x000000000800064c       0x22 ./Core/Src/gamepad_digital_input_driver.o
                0x000000000800064c                gamepad_digital_input_driver::gamepad_digital_input_driver()
                0x000000000800064c                gamepad_digital_input_driver::gamepad_digital_input_driver()
 *fill*         0x000000000800066e        0x2 
 .text._ZNK28gamepad_digital_input_driver29get_matrix_to_HID_button_sizeEv
                0x0000000008000670       0x30 ./Core/Src/gamepad_digital_input_driver.o
                0x0000000008000670                gamepad_digital_input_driver::get_matrix_to_HID_button_size() const
 .text._ZN28gamepad_digital_input_driver24set_matrix_to_HID_buttonEhhh
                0x00000000080006a0       0x34 ./Core/Src/gamepad_digital_input_driver.o
                0x00000000080006a0                gamepad_digital_input_driver::set_matrix_to_HID_button(unsigned char, unsigned char, unsigned char)
 .text._ZNSt6vectorIN28gamepad_digital_input_driver6buttonESaIS1_EE17_M_realloc_insertIJRKS1_EEEvN9__gnu_cxx17__normal_iteratorIPS1_S3_EEDpOT_
                0x00000000080006d4       0xa4 ./Core/Src/gamepad_digital_input_driver.o
                0x00000000080006d4                void std::vector<gamepad_digital_input_driver::button, std::allocator<gamepad_digital_input_driver::button> >::_M_realloc_insert<gamepad_digital_input_driver::button const&>(__gnu_cxx::__normal_iterator<gamepad_digital_input_driver::button*, std::vector<gamepad_digital_input_driver::button, std::allocator<gamepad_digital_input_driver::button> > >, gamepad_digital_input_driver::button const&)
 .text._ZN28gamepad_digital_input_driver9setButtonEP12GPIO_TypeDefth
                0x0000000008000778       0x32 ./Core/Src/gamepad_digital_input_driver.o
                0x0000000008000778                gamepad_digital_input_driver::setButton(GPIO_TypeDef*, unsigned short, unsigned char)
 *fill*         0x00000000080007aa        0x2 
 .text._ZNSt6vectorIN28gamepad_digital_input_driver12matrix_inputESaIS1_EE17_M_realloc_insertIJRKS1_EEEvN9__gnu_cxx17__normal_iteratorIPS1_S3_EEDpOT_
                0x00000000080007ac       0xa4 ./Core/Src/gamepad_digital_input_driver.o
                0x00000000080007ac                void std::vector<gamepad_digital_input_driver::matrix_input, std::allocator<gamepad_digital_input_driver::matrix_input> >::_M_realloc_insert<gamepad_digital_input_driver::matrix_input const&>(__gnu_cxx::__normal_iterator<gamepad_digital_input_driver::matrix_input*, std::vector<gamepad_digital_input_driver::matrix_input, std::allocator<gamepad_digital_input_driver::matrix_input> > >, gamepad_digital_input_driver::matrix_input const&)
 .text._ZN28gamepad_digital_input_driver20set_input_key_matrixEP12GPIO_TypeDefth
                0x0000000008000850       0x32 ./Core/Src/gamepad_digital_input_driver.o
                0x0000000008000850                gamepad_digital_input_driver::set_input_key_matrix(GPIO_TypeDef*, unsigned short, unsigned char)
 *fill*         0x0000000008000882        0x2 
 .text._ZNSt6vectorIN28gamepad_digital_input_driver13matrix_outputESaIS1_EE17_M_realloc_insertIJRKS1_EEEvN9__gnu_cxx17__normal_iteratorIPS1_S3_EEDpOT_
                0x0000000008000884       0xa4 ./Core/Src/gamepad_digital_input_driver.o
                0x0000000008000884                void std::vector<gamepad_digital_input_driver::matrix_output, std::allocator<gamepad_digital_input_driver::matrix_output> >::_M_realloc_insert<gamepad_digital_input_driver::matrix_output const&>(__gnu_cxx::__normal_iterator<gamepad_digital_input_driver::matrix_output*, std::vector<gamepad_digital_input_driver::matrix_output, std::allocator<gamepad_digital_input_driver::matrix_output> > >, gamepad_digital_input_driver::matrix_output const&)
 .text._ZN28gamepad_digital_input_driver21set_output_key_matrixEP12GPIO_TypeDefth
                0x0000000008000928       0x32 ./Core/Src/gamepad_digital_input_driver.o
                0x0000000008000928                gamepad_digital_input_driver::set_output_key_matrix(GPIO_TypeDef*, unsigned short, unsigned char)
 *fill*         0x000000000800095a        0x2 
 .text.MX_GPIO_Init
                0x000000000800095c       0xa0 ./Core/Src/gpio.o
                0x000000000800095c                MX_GPIO_Init
 .text.MX_I2C1_Init
                0x00000000080009fc       0x3c ./Core/Src/i2c.o
                0x00000000080009fc                MX_I2C1_Init
 .text.HAL_I2C_MspInit
                0x0000000008000a38       0x64 ./Core/Src/i2c.o
                0x0000000008000a38                HAL_I2C_MspInit
 .text.SystemClock_Config
                0x0000000008000a9c       0x86 ./Core/Src/main.o
                0x0000000008000a9c                SystemClock_Config
 .text.startup.main
                0x0000000008000b22       0x24 ./Core/Src/main.o
                0x0000000008000b22                main
 .text.Error_Handler
                0x0000000008000b46        0x4 ./Core/Src/main.o
                0x0000000008000b46                Error_Handler
 *fill*         0x0000000008000b4a        0x2 
 .text.HAL_MspInit
                0x0000000008000b4c       0x44 ./Core/Src/stm32f1xx_hal_msp.o
                0x0000000008000b4c                HAL_MspInit
 .text.NMI_Handler
                0x0000000008000b90        0x2 ./Core/Src/stm32f1xx_it.o
                0x0000000008000b90                NMI_Handler
 .text.HardFault_Handler
                0x0000000008000b92        0x2 ./Core/Src/stm32f1xx_it.o
                0x0000000008000b92                HardFault_Handler
 .text.MemManage_Handler
                0x0000000008000b94        0x2 ./Core/Src/stm32f1xx_it.o
                0x0000000008000b94                MemManage_Handler
 .text.BusFault_Handler
                0x0000000008000b96        0x2 ./Core/Src/stm32f1xx_it.o
                0x0000000008000b96                BusFault_Handler
 .text.UsageFault_Handler
                0x0000000008000b98        0x2 ./Core/Src/stm32f1xx_it.o
                0x0000000008000b98                UsageFault_Handler
 .text.SVC_Handler
                0x0000000008000b9a        0x2 ./Core/Src/stm32f1xx_it.o
                0x0000000008000b9a                SVC_Handler
 .text.DebugMon_Handler
                0x0000000008000b9c        0x2 ./Core/Src/stm32f1xx_it.o
                0x0000000008000b9c                DebugMon_Handler
 .text.PendSV_Handler
                0x0000000008000b9e        0x2 ./Core/Src/stm32f1xx_it.o
                0x0000000008000b9e                PendSV_Handler
 .text.SysTick_Handler
                0x0000000008000ba0        0x4 ./Core/Src/stm32f1xx_it.o
                0x0000000008000ba0                SysTick_Handler
 .text.USB_LP_CAN1_RX0_IRQHandler
                0x0000000008000ba4        0xc ./Core/Src/stm32f1xx_it.o
                0x0000000008000ba4                USB_LP_CAN1_RX0_IRQHandler
 .text._getpid  0x0000000008000bb0        0x4 ./Core/Src/syscalls.o
                0x0000000008000bb0                _getpid
 .text._kill    0x0000000008000bb4       0x10 ./Core/Src/syscalls.o
                0x0000000008000bb4                _kill
 .text._exit    0x0000000008000bc4        0xc ./Core/Src/syscalls.o
                0x0000000008000bc4                _exit
 .text._read    0x0000000008000bd0       0x1c ./Core/Src/syscalls.o
                0x0000000008000bd0                _read
 .text._close   0x0000000008000bec        0x6 ./Core/Src/syscalls.o
                0x0000000008000bec                _close
 .text._fstat   0x0000000008000bf2        0xa ./Core/Src/syscalls.o
                0x0000000008000bf2                _fstat
 .text._isatty  0x0000000008000bfc        0x4 ./Core/Src/syscalls.o
                0x0000000008000bfc                _isatty
 .text._lseek   0x0000000008000c00        0x4 ./Core/Src/syscalls.o
                0x0000000008000c00                _lseek
 .text._sbrk    0x0000000008000c04       0x40 ./Core/Src/sysmem.o
                0x0000000008000c04                _sbrk
 .text.SystemInit
                0x0000000008000c44        0x2 ./Core/Src/system_stm32f1xx.o
                0x0000000008000c44                SystemInit
 *fill*         0x0000000008000c46        0x2 
 .text.MX_USART1_UART_Init
                0x0000000008000c48       0x38 ./Core/Src/usart.o
                0x0000000008000c48                MX_USART1_UART_Init
 .text.HAL_UART_MspInit
                0x0000000008000c80       0x78 ./Core/Src/usart.o
                0x0000000008000c80                HAL_UART_MspInit
 .text.Reset_Handler
                0x0000000008000cf8       0x48 ./Core/Startup/startup_stm32f103c6tx.o
                0x0000000008000cf8                Reset_Handler
 .text.Default_Handler
                0x0000000008000d40        0x2 ./Core/Startup/startup_stm32f103c6tx.o
                0x0000000008000d40                RTC_Alarm_IRQHandler
                0x0000000008000d40                EXTI2_IRQHandler
                0x0000000008000d40                TIM1_CC_IRQHandler
                0x0000000008000d40                PVD_IRQHandler
                0x0000000008000d40                EXTI3_IRQHandler
                0x0000000008000d40                EXTI0_IRQHandler
                0x0000000008000d40                ADC1_2_IRQHandler
                0x0000000008000d40                SPI1_IRQHandler
                0x0000000008000d40                TAMPER_IRQHandler
                0x0000000008000d40                DMA1_Channel4_IRQHandler
                0x0000000008000d40                RTC_IRQHandler
                0x0000000008000d40                DMA1_Channel7_IRQHandler
                0x0000000008000d40                CAN1_RX1_IRQHandler
                0x0000000008000d40                I2C1_EV_IRQHandler
                0x0000000008000d40                DMA1_Channel6_IRQHandler
                0x0000000008000d40                TIM3_IRQHandler
                0x0000000008000d40                RCC_IRQHandler
                0x0000000008000d40                TIM1_TRG_COM_IRQHandler
                0x0000000008000d40                DMA1_Channel1_IRQHandler
                0x0000000008000d40                Default_Handler
                0x0000000008000d40                EXTI15_10_IRQHandler
                0x0000000008000d40                EXTI9_5_IRQHandler
                0x0000000008000d40                DMA1_Channel5_IRQHandler
                0x0000000008000d40                EXTI4_IRQHandler
                0x0000000008000d40                USB_HP_CAN1_TX_IRQHandler
                0x0000000008000d40                DMA1_Channel3_IRQHandler
                0x0000000008000d40                TIM1_UP_IRQHandler
                0x0000000008000d40                WWDG_IRQHandler
                0x0000000008000d40                TIM2_IRQHandler
                0x0000000008000d40                TIM1_BRK_IRQHandler
                0x0000000008000d40                EXTI1_IRQHandler
                0x0000000008000d40                USART2_IRQHandler
                0x0000000008000d40                DMA1_Channel2_IRQHandler
                0x0000000008000d40                CAN1_SCE_IRQHandler
                0x0000000008000d40                FLASH_IRQHandler
                0x0000000008000d40                USART1_IRQHandler
                0x0000000008000d40                I2C1_ER_IRQHandler
                0x0000000008000d40                USBWakeUp_IRQHandler
 *fill*         0x0000000008000d42        0x2 
 .text.HAL_InitTick
                0x0000000008000d44       0x48 ./Drivers/STM32F1xx_HAL_Driver/Src/stm32f1xx_hal.o
                0x0000000008000d44                HAL_InitTick
 .text.HAL_Init
                0x0000000008000d8c       0x24 ./Drivers/STM32F1xx_HAL_Driver/Src/stm32f1xx_hal.o
                0x0000000008000d8c                HAL_Init
 .text.HAL_IncTick
                0x0000000008000db0       0x18 ./Drivers/STM32F1xx_HAL_Driver/Src/stm32f1xx_hal.o
                0x0000000008000db0                HAL_IncTick
 .text.HAL_GetTick
                0x0000000008000dc8        0xc ./Drivers/STM32F1xx_HAL_Driver/Src/stm32f1xx_hal.o
                0x0000000008000dc8                HAL_GetTick
 .text.HAL_Delay
                0x0000000008000dd4       0x24 ./Drivers/STM32F1xx_HAL_Driver/Src/stm32f1xx_hal.o
                0x0000000008000dd4                HAL_Delay
 .text.HAL_ADC_PollForConversion
                0x0000000008000df8      0x158 ./Drivers/STM32F1xx_HAL_Driver/Src/stm32f1xx_hal_adc.o
                0x0000000008000df8                HAL_ADC_PollForConversion
 .text.HAL_ADC_GetValue
                0x0000000008000f50        0x6 ./Drivers/STM32F1xx_HAL_Driver/Src/stm32f1xx_hal_adc.o
                0x0000000008000f50                HAL_ADC_GetValue
 *fill*         0x0000000008000f56        0x2 
 .text.HAL_ADC_ConfigChannel
                0x0000000008000f58       0xfc ./Drivers/STM32F1xx_HAL_Driver/Src/stm32f1xx_hal_adc.o
                0x0000000008000f58                HAL_ADC_ConfigChannel
 .text.ADC_Enable
                0x0000000008001054       0x78 ./Drivers/STM32F1xx_HAL_Driver/Src/stm32f1xx_hal_adc.o
                0x0000000008001054                ADC_Enable
 .text.HAL_ADC_Start
                0x00000000080010cc       0xc4 ./Drivers/STM32F1xx_HAL_Driver/Src/stm32f1xx_hal_adc.o
                0x00000000080010cc                HAL_ADC_Start
 .text.ADC_ConversionStop_Disable
                0x0000000008001190       0x4c ./Drivers/STM32F1xx_HAL_Driver/Src/stm32f1xx_hal_adc.o
                0x0000000008001190                ADC_ConversionStop_Disable
 .text.HAL_ADC_Init
                0x00000000080011dc       0xfc ./Drivers/STM32F1xx_HAL_Driver/Src/stm32f1xx_hal_adc.o
                0x00000000080011dc                HAL_ADC_Init
 .text.HAL_ADCEx_Calibration_Start
                0x00000000080012d8       0xe0 ./Drivers/STM32F1xx_HAL_Driver/Src/stm32f1xx_hal_adc_ex.o
                0x00000000080012d8                HAL_ADCEx_Calibration_Start
 .text.HAL_NVIC_SetPriorityGrouping
                0x00000000080013b8       0x24 ./Drivers/STM32F1xx_HAL_Driver/Src/stm32f1xx_hal_cortex.o
                0x00000000080013b8                HAL_NVIC_SetPriorityGrouping
 .text.HAL_NVIC_SetPriority
                0x00000000080013dc       0x60 ./Drivers/STM32F1xx_HAL_Driver/Src/stm32f1xx_hal_cortex.o
                0x00000000080013dc                HAL_NVIC_SetPriority
 .text.HAL_NVIC_EnableIRQ
                0x000000000800143c       0x1c ./Drivers/STM32F1xx_HAL_Driver/Src/stm32f1xx_hal_cortex.o
                0x000000000800143c                HAL_NVIC_EnableIRQ
 .text.HAL_SYSTICK_Config
                0x0000000008001458       0x28 ./Drivers/STM32F1xx_HAL_Driver/Src/stm32f1xx_hal_cortex.o
                0x0000000008001458                HAL_SYSTICK_Config
 .text.HAL_GPIO_Init
                0x0000000008001480      0x1ac ./Drivers/STM32F1xx_HAL_Driver/Src/stm32f1xx_hal_gpio.o
                0x0000000008001480                HAL_GPIO_Init
 .text.HAL_GPIO_WritePin
                0x000000000800162c        0xa ./Drivers/STM32F1xx_HAL_Driver/Src/stm32f1xx_hal_gpio.o
                0x000000000800162c                HAL_GPIO_WritePin
 *fill*         0x0000000008001636        0x2 
 .text.HAL_I2C_Init
                0x0000000008001638      0x150 ./Drivers/STM32F1xx_HAL_Driver/Src/stm32f1xx_hal_i2c.o
                0x0000000008001638                HAL_I2C_Init
 .text.HAL_PCD_Init
                0x0000000008001788       0xf0 ./Drivers/STM32F1xx_HAL_Driver/Src/stm32f1xx_hal_pcd.o
                0x0000000008001788                HAL_PCD_Init
 .text.HAL_PCD_Start
                0x0000000008001878       0x32 ./Drivers/STM32F1xx_HAL_Driver/Src/stm32f1xx_hal_pcd.o
                0x0000000008001878                HAL_PCD_Start
 .text.HAL_PCD_SetAddress
                0x00000000080018aa       0x28 ./Drivers/STM32F1xx_HAL_Driver/Src/stm32f1xx_hal_pcd.o
                0x00000000080018aa                HAL_PCD_SetAddress
 *fill*         0x00000000080018d2        0x2 
 .text.HAL_PCD_IRQHandler
                0x00000000080018d4      0x9b4 ./Drivers/STM32F1xx_HAL_Driver/Src/stm32f1xx_hal_pcd.o
                0x00000000080018d4                HAL_PCD_IRQHandler
 .text.HAL_PCD_EP_Open
                0x0000000008002288       0x60 ./Drivers/STM32F1xx_HAL_Driver/Src/stm32f1xx_hal_pcd.o
                0x0000000008002288                HAL_PCD_EP_Open
 .text.HAL_PCD_EP_Close
                0x00000000080022e8       0x52 ./Drivers/STM32F1xx_HAL_Driver/Src/stm32f1xx_hal_pcd.o
                0x00000000080022e8                HAL_PCD_EP_Close
 .text.HAL_PCD_EP_Receive
                0x000000000800233a       0x2e ./Drivers/STM32F1xx_HAL_Driver/Src/stm32f1xx_hal_pcd.o
                0x000000000800233a                HAL_PCD_EP_Receive
 .text.HAL_PCD_EP_Transmit
                0x0000000008002368       0x34 ./Drivers/STM32F1xx_HAL_Driver/Src/stm32f1xx_hal_pcd.o
                0x0000000008002368                HAL_PCD_EP_Transmit
 .text.HAL_PCD_EP_SetStall
                0x000000000800239c       0x68 ./Drivers/STM32F1xx_HAL_Driver/Src/stm32f1xx_hal_pcd.o
                0x000000000800239c                HAL_PCD_EP_SetStall
 .text.HAL_PCD_EP_ClrStall
                0x0000000008002404       0x64 ./Drivers/STM32F1xx_HAL_Driver/Src/stm32f1xx_hal_pcd.o
                0x0000000008002404                HAL_PCD_EP_ClrStall
 .text.HAL_PCDEx_PMAConfig
                0x0000000008002468       0x32 ./Drivers/STM32F1xx_HAL_Driver/Src/stm32f1xx_hal_pcd_ex.o
                0x0000000008002468                HAL_PCDEx_PMAConfig
 *fill*         0x000000000800249a        0x2 
 .text.HAL_RCC_OscConfig
                0x000000000800249c      0x338 ./Drivers/STM32F1xx_HAL_Driver/Src/stm32f1xx_hal_rcc.o
                0x000000000800249c                HAL_RCC_OscConfig
 .text.HAL_RCC_GetSysClockFreq
                0x00000000080027d4       0x4c ./Drivers/STM32F1xx_HAL_Driver/Src/stm32f1xx_hal_rcc.o
                0x00000000080027d4                HAL_RCC_GetSysClockFreq
 .text.HAL_RCC_ClockConfig
                0x0000000008002820      0x138 ./Drivers/STM32F1xx_HAL_Driver/Src/stm32f1xx_hal_rcc.o
                0x0000000008002820                HAL_RCC_ClockConfig
 .text.HAL_RCC_GetPCLK1Freq
                0x0000000008002958       0x20 ./Drivers/STM32F1xx_HAL_Driver/Src/stm32f1xx_hal_rcc.o
                0x0000000008002958                HAL_RCC_GetPCLK1Freq
 .text.HAL_RCC_GetPCLK2Freq
                0x0000000008002978       0x20 ./Drivers/STM32F1xx_HAL_Driver/Src/stm32f1xx_hal_rcc.o
                0x0000000008002978                HAL_RCC_GetPCLK2Freq
 .text.HAL_RCCEx_PeriphCLKConfig
                0x0000000008002998       0xf4 ./Drivers/STM32F1xx_HAL_Driver/Src/stm32f1xx_hal_rcc_ex.o
                0x0000000008002998                HAL_RCCEx_PeriphCLKConfig
 .text.HAL_RCCEx_GetPeriphCLKFreq
                0x0000000008002a8c       0xbc ./Drivers/STM32F1xx_HAL_Driver/Src/stm32f1xx_hal_rcc_ex.o
                0x0000000008002a8c                HAL_RCCEx_GetPeriphCLKFreq
 .text.UART_SetConfig
                0x0000000008002b48       0x74 ./Drivers/STM32F1xx_HAL_Driver/Src/stm32f1xx_hal_uart.o
 .text.UART_WaitOnFlagUntilTimeout.constprop.0
                0x0000000008002bbc       0x6c ./Drivers/STM32F1xx_HAL_Driver/Src/stm32f1xx_hal_uart.o
 .text.HAL_UART_Init
                0x0000000008002c28       0x5e ./Drivers/STM32F1xx_HAL_Driver/Src/stm32f1xx_hal_uart.o
                0x0000000008002c28                HAL_UART_Init
 .text.HAL_UART_Transmit
                0x0000000008002c86       0x96 ./Drivers/STM32F1xx_HAL_Driver/Src/stm32f1xx_hal_uart.o
                0x0000000008002c86                HAL_UART_Transmit
 .text.USB_CoreInit
                0x0000000008002d1c        0xe ./Drivers/STM32F1xx_HAL_Driver/Src/stm32f1xx_ll_usb.o
                0x0000000008002d1c                USB_CoreInit
 .text.USB_EnableGlobalInt
                0x0000000008002d2a       0x12 ./Drivers/STM32F1xx_HAL_Driver/Src/stm32f1xx_ll_usb.o
                0x0000000008002d2a                USB_EnableGlobalInt
 .text.USB_DisableGlobalInt
                0x0000000008002d3c       0x14 ./Drivers/STM32F1xx_HAL_Driver/Src/stm32f1xx_ll_usb.o
                0x0000000008002d3c                USB_DisableGlobalInt
 .text.USB_SetCurrentMode
                0x0000000008002d50        0x4 ./Drivers/STM32F1xx_HAL_Driver/Src/stm32f1xx_ll_usb.o
                0x0000000008002d50                USB_SetCurrentMode
 .text.USB_DevInit
                0x0000000008002d54       0x28 ./Drivers/STM32F1xx_HAL_Driver/Src/stm32f1xx_ll_usb.o
                0x0000000008002d54                USB_DevInit
 .text.USB_ActivateEndpoint
                0x0000000008002d7c      0x2c0 ./Drivers/STM32F1xx_HAL_Driver/Src/stm32f1xx_ll_usb.o
                0x0000000008002d7c                USB_ActivateEndpoint
 .text.USB_DeactivateEndpoint
                0x000000000800303c      0x1a6 ./Drivers/STM32F1xx_HAL_Driver/Src/stm32f1xx_ll_usb.o
                0x000000000800303c                USB_DeactivateEndpoint
 .text.USB_EPSetStall
                0x00000000080031e2       0x40 ./Drivers/STM32F1xx_HAL_Driver/Src/stm32f1xx_ll_usb.o
                0x00000000080031e2                USB_EPSetStall
 .text.USB_EPClearStall
                0x0000000008003222       0x92 ./Drivers/STM32F1xx_HAL_Driver/Src/stm32f1xx_ll_usb.o
                0x0000000008003222                USB_EPClearStall
 .text.USB_SetDevAddress
                0x00000000080032b4        0xc ./Drivers/STM32F1xx_HAL_Driver/Src/stm32f1xx_ll_usb.o
                0x00000000080032b4                USB_SetDevAddress
 .text.USB_DevConnect
                0x00000000080032c0        0x4 ./Drivers/STM32F1xx_HAL_Driver/Src/stm32f1xx_ll_usb.o
                0x00000000080032c0                USB_DevConnect
 .text.USB_DevDisconnect
                0x00000000080032c4        0x4 ./Drivers/STM32F1xx_HAL_Driver/Src/stm32f1xx_ll_usb.o
                0x00000000080032c4                USB_DevDisconnect
 .text.USB_ReadInterrupts
                0x00000000080032c8        0x8 ./Drivers/STM32F1xx_HAL_Driver/Src/stm32f1xx_ll_usb.o
                0x00000000080032c8                USB_ReadInterrupts
 .text.USB_EP0_OutStart
                0x00000000080032d0        0x4 ./Drivers/STM32F1xx_HAL_Driver/Src/stm32f1xx_ll_usb.o
                0x00000000080032d0                USB_EP0_OutStart
 .text.USB_WritePMA
                0x00000000080032d4       0x20 ./Drivers/STM32F1xx_HAL_Driver/Src/stm32f1xx_ll_usb.o
                0x00000000080032d4                USB_WritePMA
 .text.USB_EPStartXfer
                0x00000000080032f4      0x430 ./Drivers/STM32F1xx_HAL_Driver/Src/stm32f1xx_ll_usb.o
                0x00000000080032f4                USB_EPStartXfer
 .text.USB_ReadPMA
                0x0000000008003724       0x38 ./Drivers/STM32F1xx_HAL_Driver/Src/stm32f1xx_ll_usb.o
                0x0000000008003724                USB_ReadPMA
 .text.USBD_CUSTOM_HID_GetFSCfgDesc
                0x000000000800375c        0xc ./Middlewares/ST/STM32_USB_Device_Library/Class/CustomHID/Src/usbd_customhid.o
 .text.USBD_CUSTOM_HID_GetHSCfgDesc
                0x0000000008003768        0xc ./Middlewares/ST/STM32_USB_Device_Library/Class/CustomHID/Src/usbd_customhid.o
 .text.USBD_CUSTOM_HID_GetOtherSpeedCfgDesc
                0x0000000008003774        0xc ./Middlewares/ST/STM32_USB_Device_Library/Class/CustomHID/Src/usbd_customhid.o
 .text.USBD_CUSTOM_HID_DataIn
                0x0000000008003780        0xc ./Middlewares/ST/STM32_USB_Device_Library/Class/CustomHID/Src/usbd_customhid.o
 .text.USBD_CUSTOM_HID_EP0_RxReady
                0x000000000800378c       0x20 ./Middlewares/ST/STM32_USB_Device_Library/Class/CustomHID/Src/usbd_customhid.o
 .text.USBD_CUSTOM_HID_GetDeviceQualifierDesc
                0x00000000080037ac        0xc ./Middlewares/ST/STM32_USB_Device_Library/Class/CustomHID/Src/usbd_customhid.o
 .text.USBD_CUSTOM_HID_DataOut
                0x00000000080037b8       0x20 ./Middlewares/ST/STM32_USB_Device_Library/Class/CustomHID/Src/usbd_customhid.o
 .text.USBD_CUSTOM_HID_Setup
                0x00000000080037d8       0xec ./Middlewares/ST/STM32_USB_Device_Library/Class/CustomHID/Src/usbd_customhid.o
 .text.USBD_CUSTOM_HID_DeInit
                0x00000000080038c4       0x38 ./Middlewares/ST/STM32_USB_Device_Library/Class/CustomHID/Src/usbd_customhid.o
 .text.USBD_CUSTOM_HID_Init
                0x00000000080038fc       0x52 ./Middlewares/ST/STM32_USB_Device_Library/Class/CustomHID/Src/usbd_customhid.o
 .text.USBD_CUSTOM_HID_RegisterInterface
                0x000000000800394e        0xe ./Middlewares/ST/STM32_USB_Device_Library/Class/CustomHID/Src/usbd_customhid.o
                0x000000000800394e                USBD_CUSTOM_HID_RegisterInterface
 .text.USBD_Init
                0x000000000800395c       0x2a ./Middlewares/ST/STM32_USB_Device_Library/Core/Src/usbd_core.o
                0x000000000800395c                USBD_Init
 .text.USBD_RegisterClass
                0x0000000008003986        0xe ./Middlewares/ST/STM32_USB_Device_Library/Core/Src/usbd_core.o
                0x0000000008003986                USBD_RegisterClass
 .text.USBD_Start
                0x0000000008003994        0xa ./Middlewares/ST/STM32_USB_Device_Library/Core/Src/usbd_core.o
                0x0000000008003994                USBD_Start
 .text.USBD_SetClassConfig
                0x000000000800399e       0x1a ./Middlewares/ST/STM32_USB_Device_Library/Core/Src/usbd_core.o
                0x000000000800399e                USBD_SetClassConfig
 .text.USBD_ClrClassConfig
                0x00000000080039b8        0xe ./Middlewares/ST/STM32_USB_Device_Library/Core/Src/usbd_core.o
                0x00000000080039b8                USBD_ClrClassConfig
 .text.USBD_LL_SetupStage
                0x00000000080039c6       0x5a ./Middlewares/ST/STM32_USB_Device_Library/Core/Src/usbd_core.o
                0x00000000080039c6                USBD_LL_SetupStage
 .text.USBD_LL_DataOutStage
                0x0000000008003a20       0x74 ./Middlewares/ST/STM32_USB_Device_Library/Core/Src/usbd_core.o
                0x0000000008003a20                USBD_LL_DataOutStage
 .text.USBD_LL_DataInStage
                0x0000000008003a94       0xb6 ./Middlewares/ST/STM32_USB_Device_Library/Core/Src/usbd_core.o
                0x0000000008003a94                USBD_LL_DataInStage
 .text.USBD_LL_Reset
                0x0000000008003b4a       0x4e ./Middlewares/ST/STM32_USB_Device_Library/Core/Src/usbd_core.o
                0x0000000008003b4a                USBD_LL_Reset
 .text.USBD_LL_SetSpeed
                0x0000000008003b98        0x6 ./Middlewares/ST/STM32_USB_Device_Library/Core/Src/usbd_core.o
                0x0000000008003b98                USBD_LL_SetSpeed
 .text.USBD_LL_Suspend
                0x0000000008003b9e       0x12 ./Middlewares/ST/STM32_USB_Device_Library/Core/Src/usbd_core.o
                0x0000000008003b9e                USBD_LL_Suspend
 .text.USBD_LL_Resume
                0x0000000008003bb0       0x14 ./Middlewares/ST/STM32_USB_Device_Library/Core/Src/usbd_core.o
                0x0000000008003bb0                USBD_LL_Resume
 .text.USBD_LL_SOF
                0x0000000008003bc4       0x18 ./Middlewares/ST/STM32_USB_Device_Library/Core/Src/usbd_core.o
                0x0000000008003bc4                USBD_LL_SOF
 .text.USBD_CtlError.constprop.0
                0x0000000008003bdc       0x16 ./Middlewares/ST/STM32_USB_Device_Library/Core/Src/usbd_ctlreq.o
 *fill*         0x0000000008003bf2        0x2 
 .text.USBD_StdDevReq
                0x0000000008003bf4      0x250 ./Middlewares/ST/STM32_USB_Device_Library/Core/Src/usbd_ctlreq.o
                0x0000000008003bf4                USBD_StdDevReq
 .text.USBD_StdItfReq
                0x0000000008003e44       0x48 ./Middlewares/ST/STM32_USB_Device_Library/Core/Src/usbd_ctlreq.o
                0x0000000008003e44                USBD_StdItfReq
 .text.USBD_StdEPReq
                0x0000000008003e8c      0x110 ./Middlewares/ST/STM32_USB_Device_Library/Core/Src/usbd_ctlreq.o
                0x0000000008003e8c                USBD_StdEPReq
 .text.USBD_ParseSetupRequest
                0x0000000008003f9c       0x28 ./Middlewares/ST/STM32_USB_Device_Library/Core/Src/usbd_ctlreq.o
                0x0000000008003f9c                USBD_ParseSetupRequest
 .text.USBD_CtlError
                0x0000000008003fc4       0x16 ./Middlewares/ST/STM32_USB_Device_Library/Core/Src/usbd_ctlreq.o
                0x0000000008003fc4                USBD_CtlError
 .text.USBD_GetString
                0x0000000008003fda       0x38 ./Middlewares/ST/STM32_USB_Device_Library/Core/Src/usbd_ctlreq.o
                0x0000000008003fda                USBD_GetString
 .text.USBD_CtlSendData
                0x0000000008004012       0x1a ./Middlewares/ST/STM32_USB_Device_Library/Core/Src/usbd_ioreq.o
                0x0000000008004012                USBD_CtlSendData
 .text.USBD_CtlContinueSendData
                0x000000000800402c       0x10 ./Middlewares/ST/STM32_USB_Device_Library/Core/Src/usbd_ioreq.o
                0x000000000800402c                USBD_CtlContinueSendData
 .text.USBD_CtlPrepareRx
                0x000000000800403c       0x1a ./Middlewares/ST/STM32_USB_Device_Library/Core/Src/usbd_ioreq.o
                0x000000000800403c                USBD_CtlPrepareRx
 .text.USBD_CtlContinueRx
                0x0000000008004056       0x10 ./Middlewares/ST/STM32_USB_Device_Library/Core/Src/usbd_ioreq.o
                0x0000000008004056                USBD_CtlContinueRx
 .text.USBD_CtlSendStatus
                0x0000000008004066       0x16 ./Middlewares/ST/STM32_USB_Device_Library/Core/Src/usbd_ioreq.o
                0x0000000008004066                USBD_CtlSendStatus
 .text.USBD_CtlReceiveStatus
                0x000000000800407c       0x16 ./Middlewares/ST/STM32_USB_Device_Library/Core/Src/usbd_ioreq.o
                0x000000000800407c                USBD_CtlReceiveStatus
 *fill*         0x0000000008004092        0x2 
 .text.MX_USB_DEVICE_Init
                0x0000000008004094       0x50 ./USB_DEVICE/App/usb_device.o
                0x0000000008004094                MX_USB_DEVICE_Init
 .text.CUSTOM_HID_Init_FS
                0x00000000080040e4        0x4 ./USB_DEVICE/App/usbd_custom_hid_if.o
 .text.CUSTOM_HID_OutEvent_FS
                0x00000000080040e8        0x4 ./USB_DEVICE/App/usbd_custom_hid_if.o
 .text.CUSTOM_HID_DeInit_FS
                0x00000000080040ec        0x4 ./USB_DEVICE/App/usbd_custom_hid_if.o
 .text.USBD_FS_DeviceDescriptor
                0x00000000080040f0        0xc ./USB_DEVICE/App/usbd_desc.o
                0x00000000080040f0                USBD_FS_DeviceDescriptor
 .text.USBD_FS_LangIDStrDescriptor
                0x00000000080040fc        0xc ./USB_DEVICE/App/usbd_desc.o
                0x00000000080040fc                USBD_FS_LangIDStrDescriptor
 .text.IntToUnicode
                0x0000000008004108       0x2a ./USB_DEVICE/App/usbd_desc.o
 *fill*         0x0000000008004132        0x2 
 .text.USBD_FS_SerialStrDescriptor
                0x0000000008004134       0x3c ./USB_DEVICE/App/usbd_desc.o
                0x0000000008004134                USBD_FS_SerialStrDescriptor
 .text.USBD_FS_ManufacturerStrDescriptor
                0x0000000008004170       0x1c ./USB_DEVICE/App/usbd_desc.o
                0x0000000008004170                USBD_FS_ManufacturerStrDescriptor
 .text.USBD_FS_ProductStrDescriptor
                0x000000000800418c       0x1c ./USB_DEVICE/App/usbd_desc.o
                0x000000000800418c                USBD_FS_ProductStrDescriptor
 .text.USBD_FS_ConfigStrDescriptor
                0x00000000080041a8       0x1c ./USB_DEVICE/App/usbd_desc.o
                0x00000000080041a8                USBD_FS_ConfigStrDescriptor
 .text.USBD_FS_InterfaceStrDescriptor
                0x00000000080041c4       0x1c ./USB_DEVICE/App/usbd_desc.o
                0x00000000080041c4                USBD_FS_InterfaceStrDescriptor
 .text.USBD_Get_USB_Status
                0x00000000080041e0       0x10 ./USB_DEVICE/Target/usbd_conf.o
 .text.HAL_PCD_MspInit
                0x00000000080041f0       0x40 ./USB_DEVICE/Target/usbd_conf.o
                0x00000000080041f0                HAL_PCD_MspInit
 .text.HAL_PCD_SetupStageCallback
                0x0000000008004230        0xc ./USB_DEVICE/Target/usbd_conf.o
                0x0000000008004230                HAL_PCD_SetupStageCallback
 .text.HAL_PCD_DataOutStageCallback
                0x000000000800423c       0x12 ./USB_DEVICE/Target/usbd_conf.o
                0x000000000800423c                HAL_PCD_DataOutStageCallback
 .text.HAL_PCD_DataInStageCallback
                0x000000000800424e       0x10 ./USB_DEVICE/Target/usbd_conf.o
                0x000000000800424e                HAL_PCD_DataInStageCallback
 .text.HAL_PCD_SOFCallback
                0x000000000800425e        0x8 ./USB_DEVICE/Target/usbd_conf.o
                0x000000000800425e                HAL_PCD_SOFCallback
 .text.HAL_PCD_ResetCallback
                0x0000000008004266       0x24 ./USB_DEVICE/Target/usbd_conf.o
                0x0000000008004266                HAL_PCD_ResetCallback
 *fill*         0x000000000800428a        0x2 
 .text.HAL_PCD_SuspendCallback
                0x000000000800428c       0x20 ./USB_DEVICE/Target/usbd_conf.o
                0x000000000800428c                HAL_PCD_SuspendCallback
 .text.HAL_PCD_ResumeCallback
                0x00000000080042ac        0x8 ./USB_DEVICE/Target/usbd_conf.o
                0x00000000080042ac                HAL_PCD_ResumeCallback
 .text.USBD_LL_Init
                0x00000000080042b4       0x70 ./USB_DEVICE/Target/usbd_conf.o
                0x00000000080042b4                USBD_LL_Init
 .text.USBD_LL_Start
                0x0000000008004324       0x12 ./USB_DEVICE/Target/usbd_conf.o
                0x0000000008004324                USBD_LL_Start
 .text.USBD_LL_OpenEP
                0x0000000008004336       0x18 ./USB_DEVICE/Target/usbd_conf.o
                0x0000000008004336                USBD_LL_OpenEP
 .text.USBD_LL_CloseEP
                0x000000000800434e       0x12 ./USB_DEVICE/Target/usbd_conf.o
                0x000000000800434e                USBD_LL_CloseEP
 .text.USBD_LL_StallEP
                0x0000000008004360       0x12 ./USB_DEVICE/Target/usbd_conf.o
                0x0000000008004360                USBD_LL_StallEP
 .text.USBD_LL_ClearStallEP
                0x0000000008004372       0x12 ./USB_DEVICE/Target/usbd_conf.o
                0x0000000008004372                USBD_LL_ClearStallEP
 .text.USBD_LL_IsStallEP
                0x0000000008004384       0x24 ./USB_DEVICE/Target/usbd_conf.o
                0x0000000008004384                USBD_LL_IsStallEP
 .text.USBD_LL_SetUSBAddress
                0x00000000080043a8       0x12 ./USB_DEVICE/Target/usbd_conf.o
                0x00000000080043a8                USBD_LL_SetUSBAddress
 .text.USBD_LL_Transmit
                0x00000000080043ba       0x12 ./USB_DEVICE/Target/usbd_conf.o
                0x00000000080043ba                USBD_LL_Transmit
 .text.USBD_LL_PrepareReceive
                0x00000000080043cc       0x12 ./USB_DEVICE/Target/usbd_conf.o
                0x00000000080043cc                USBD_LL_PrepareReceive
 *fill*         0x00000000080043de        0x2 
 .text.USBD_static_malloc
                0x00000000080043e0        0x8 ./USB_DEVICE/Target/usbd_conf.o
                0x00000000080043e0                USBD_static_malloc
 .text.USBD_static_free
                0x00000000080043e8        0x2 ./USB_DEVICE/Target/usbd_conf.o
                0x00000000080043e8                USBD_static_free
 .text.HAL_PCDEx_SetConnectionState
                0x00000000080043ea        0x2 ./USB_DEVICE/Target/usbd_conf.o
                0x00000000080043ea                HAL_PCDEx_SetConnectionState
 .text._ZdlPvj  0x00000000080043ec        0x4 C:/ST/STM32CubeIDE_1.7.0/STM32CubeIDE/plugins/com.st.stm32cube.ide.mcu.externaltools.gnu-tools-for-stm32.11.3.rel1.win32_1.1.0.202305231506/tools/bin/../lib/gcc/arm-none-eabi/11.3.1/../../../../arm-none-eabi/lib/thumb/v7-m/nofp\libstdc++_nano.a(del_ops.o)
                0x00000000080043ec                operator delete(void*, unsigned int)
 .text._Znwj    0x00000000080043f0       0x22 C:/ST/STM32CubeIDE_1.7.0/STM32CubeIDE/plugins/com.st.stm32cube.ide.mcu.externaltools.gnu-tools-for-stm32.11.3.rel1.win32_1.1.0.202305231506/tools/bin/../lib/gcc/arm-none-eabi/11.3.1/../../../../arm-none-eabi/lib/thumb/v7-m/nofp\libstdc++_nano.a(new_op.o)
                0x00000000080043f0                operator new(unsigned int)
 .text.unlikely._ZSt17__throw_bad_allocv
                0x0000000008004412        0x6 C:/ST/STM32CubeIDE_1.7.0/STM32CubeIDE/plugins/com.st.stm32cube.ide.mcu.externaltools.gnu-tools-for-stm32.11.3.rel1.win32_1.1.0.202305231506/tools/bin/../lib/gcc/arm-none-eabi/11.3.1/../../../../arm-none-eabi/lib/thumb/v7-m/nofp\libstdc++_nano.a(functexcept.o)
                0x0000000008004412                std::__throw_bad_alloc()
 .text.unlikely._ZSt20__throw_length_errorPKc
                0x0000000008004418        0x6 C:/ST/STM32CubeIDE_1.7.0/STM32CubeIDE/plugins/com.st.stm32cube.ide.mcu.externaltools.gnu-tools-for-stm32.11.3.rel1.win32_1.1.0.202305231506/tools/bin/../lib/gcc/arm-none-eabi/11.3.1/../../../../arm-none-eabi/lib/thumb/v7-m/nofp\libstdc++_nano.a(functexcept.o)
                0x0000000008004418                std::__throw_length_error(char const*)
 .text._ZdlPv   0x000000000800441e        0x4 C:/ST/STM32CubeIDE_1.7.0/STM32CubeIDE/plugins/com.st.stm32cube.ide.mcu.externaltools.gnu-tools-for-stm32.11.3.rel1.win32_1.1.0.202305231506/tools/bin/../lib/gcc/arm-none-eabi/11.3.1/../../../../arm-none-eabi/lib/thumb/v7-m/nofp\libstdc++_nano.a(del_op.o)
                0x000000000800441e                operator delete(void*)
 *fill*         0x0000000008004422        0x2 
 .text._ZSt15get_new_handlerv
                0x0000000008004424       0x10 C:/ST/STM32CubeIDE_1.7.0/STM32CubeIDE/plugins/com.st.stm32cube.ide.mcu.externaltools.gnu-tools-for-stm32.11.3.rel1.win32_1.1.0.202305231506/tools/bin/../lib/gcc/arm-none-eabi/11.3.1/../../../../arm-none-eabi/lib/thumb/v7-m/nofp\libstdc++_nano.a(new_handler.o)
                0x0000000008004424                std::get_new_handler()
 .text.abort    0x0000000008004434        0xe C:/ST/STM32CubeIDE_1.7.0/STM32CubeIDE/plugins/com.st.stm32cube.ide.mcu.externaltools.gnu-tools-for-stm32.11.3.rel1.win32_1.1.0.202305231506/tools/bin/../lib/gcc/arm-none-eabi/11.3.1/../../../../arm-none-eabi/lib/thumb/v7-m/nofp\libc_nano.a(libc_a-abort.o)
                0x0000000008004434                abort
 *fill*         0x0000000008004442        0x2 
 .text.malloc   0x0000000008004444       0x10 C:/ST/STM32CubeIDE_1.7.0/STM32CubeIDE/plugins/com.st.stm32cube.ide.mcu.externaltools.gnu-tools-for-stm32.11.3.rel1.win32_1.1.0.202305231506/tools/bin/../lib/gcc/arm-none-eabi/11.3.1/../../../../arm-none-eabi/lib/thumb/v7-m/nofp\libc_nano.a(libc_a-malloc.o)
                0x0000000008004444                malloc
 .text.free     0x0000000008004454       0x10 C:/ST/STM32CubeIDE_1.7.0/STM32CubeIDE/plugins/com.st.stm32cube.ide.mcu.externaltools.gnu-tools-for-stm32.11.3.rel1.win32_1.1.0.202305231506/tools/bin/../lib/gcc/arm-none-eabi/11.3.1/../../../../arm-none-eabi/lib/thumb/v7-m/nofp\libc_nano.a(libc_a-malloc.o)
                0x0000000008004454                free
 .text.sbrk_aligned
                0x0000000008004464       0x40 C:/ST/STM32CubeIDE_1.7.0/STM32CubeIDE/plugins/com.st.stm32cube.ide.mcu.externaltools.gnu-tools-for-stm32.11.3.rel1.win32_1.1.0.202305231506/tools/bin/../lib/gcc/arm-none-eabi/11.3.1/../../../../arm-none-eabi/lib/thumb/v7-m/nofp\libc_nano.a(libc_a-mallocr.o)
 .text._malloc_r
                0x00000000080044a4      0x100 C:/ST/STM32CubeIDE_1.7.0/STM32CubeIDE/plugins/com.st.stm32cube.ide.mcu.externaltools.gnu-tools-for-stm32.11.3.rel1.win32_1.1.0.202305231506/tools/bin/../lib/gcc/arm-none-eabi/11.3.1/../../../../arm-none-eabi/lib/thumb/v7-m/nofp\libc_nano.a(libc_a-mallocr.o)
                0x00000000080044a4                _malloc_r
 .text.__malloc_lock
                0x00000000080045a4        0xc C:/ST/STM32CubeIDE_1.7.0/STM32CubeIDE/plugins/com.st.stm32cube.ide.mcu.externaltools.gnu-tools-for-stm32.11.3.rel1.win32_1.1.0.202305231506/tools/bin/../lib/gcc/arm-none-eabi/11.3.1/../../../../arm-none-eabi/lib/thumb/v7-m/nofp\libc_nano.a(libc_a-mlock.o)
                0x00000000080045a4                __malloc_lock
 .text.__malloc_unlock
                0x00000000080045b0        0xc C:/ST/STM32CubeIDE_1.7.0/STM32CubeIDE/plugins/com.st.stm32cube.ide.mcu.externaltools.gnu-tools-for-stm32.11.3.rel1.win32_1.1.0.202305231506/tools/bin/../lib/gcc/arm-none-eabi/11.3.1/../../../../arm-none-eabi/lib/thumb/v7-m/nofp\libc_nano.a(libc_a-mlock.o)
                0x00000000080045b0                __malloc_unlock
 .text.std      0x00000000080045bc       0x48 C:/ST/STM32CubeIDE_1.7.0/STM32CubeIDE/plugins/com.st.stm32cube.ide.mcu.externaltools.gnu-tools-for-stm32.11.3.rel1.win32_1.1.0.202305231506/tools/bin/../lib/gcc/arm-none-eabi/11.3.1/../../../../arm-none-eabi/lib/thumb/v7-m/nofp\libc_nano.a(libc_a-findfp.o)
 .text.stdio_exit_handler
                0x0000000008004604       0x18 C:/ST/STM32CubeIDE_1.7.0/STM32CubeIDE/plugins/com.st.stm32cube.ide.mcu.externaltools.gnu-tools-for-stm32.11.3.rel1.win32_1.1.0.202305231506/tools/bin/../lib/gcc/arm-none-eabi/11.3.1/../../../../arm-none-eabi/lib/thumb/v7-m/nofp\libc_nano.a(libc_a-findfp.o)
 .text.cleanup_stdio
                0x000000000800461c       0x40 C:/ST/STM32CubeIDE_1.7.0/STM32CubeIDE/plugins/com.st.stm32cube.ide.mcu.externaltools.gnu-tools-for-stm32.11.3.rel1.win32_1.1.0.202305231506/tools/bin/../lib/gcc/arm-none-eabi/11.3.1/../../../../arm-none-eabi/lib/thumb/v7-m/nofp\libc_nano.a(libc_a-findfp.o)
 .text.global_stdio_init.part.0
                0x000000000800465c       0x3c C:/ST/STM32CubeIDE_1.7.0/STM32CubeIDE/plugins/com.st.stm32cube.ide.mcu.externaltools.gnu-tools-for-stm32.11.3.rel1.win32_1.1.0.202305231506/tools/bin/../lib/gcc/arm-none-eabi/11.3.1/../../../../arm-none-eabi/lib/thumb/v7-m/nofp\libc_nano.a(libc_a-findfp.o)
 .text.__sfp_lock_acquire
                0x0000000008004698        0xc C:/ST/STM32CubeIDE_1.7.0/STM32CubeIDE/plugins/com.st.stm32cube.ide.mcu.externaltools.gnu-tools-for-stm32.11.3.rel1.win32_1.1.0.202305231506/tools/bin/../lib/gcc/arm-none-eabi/11.3.1/../../../../arm-none-eabi/lib/thumb/v7-m/nofp\libc_nano.a(libc_a-findfp.o)
                0x0000000008004698                __sfp_lock_acquire
 .text.__sfp_lock_release
                0x00000000080046a4        0xc C:/ST/STM32CubeIDE_1.7.0/STM32CubeIDE/plugins/com.st.stm32cube.ide.mcu.externaltools.gnu-tools-for-stm32.11.3.rel1.win32_1.1.0.202305231506/tools/bin/../lib/gcc/arm-none-eabi/11.3.1/../../../../arm-none-eabi/lib/thumb/v7-m/nofp\libc_nano.a(libc_a-findfp.o)
                0x00000000080046a4                __sfp_lock_release
 .text.__sinit  0x00000000080046b0       0x30 C:/ST/STM32CubeIDE_1.7.0/STM32CubeIDE/plugins/com.st.stm32cube.ide.mcu.externaltools.gnu-tools-for-stm32.11.3.rel1.win32_1.1.0.202305231506/tools/bin/../lib/gcc/arm-none-eabi/11.3.1/../../../../arm-none-eabi/lib/thumb/v7-m/nofp\libc_nano.a(libc_a-findfp.o)
                0x00000000080046b0                __sinit
 .text._fwalk_sglue
                0x00000000080046e0       0x3c C:/ST/STM32CubeIDE_1.7.0/STM32CubeIDE/plugins/com.st.stm32cube.ide.mcu.externaltools.gnu-tools-for-stm32.11.3.rel1.win32_1.1.0.202305231506/tools/bin/../lib/gcc/arm-none-eabi/11.3.1/../../../../arm-none-eabi/lib/thumb/v7-m/nofp\libc_nano.a(libc_a-fwalk.o)
                0x00000000080046e0                _fwalk_sglue
 .text.printf   0x000000000800471c       0x24 C:/ST/STM32CubeIDE_1.7.0/STM32CubeIDE/plugins/com.st.stm32cube.ide.mcu.externaltools.gnu-tools-for-stm32.11.3.rel1.win32_1.1.0.202305231506/tools/bin/../lib/gcc/arm-none-eabi/11.3.1/../../../../arm-none-eabi/lib/thumb/v7-m/nofp\libc_nano.a(libc_a-printf.o)
                0x000000000800471c                iprintf
                0x000000000800471c                printf
 .text.setbuf   0x0000000008004740       0x10 C:/ST/STM32CubeIDE_1.7.0/STM32CubeIDE/plugins/com.st.stm32cube.ide.mcu.externaltools.gnu-tools-for-stm32.11.3.rel1.win32_1.1.0.202305231506/tools/bin/../lib/gcc/arm-none-eabi/11.3.1/../../../../arm-none-eabi/lib/thumb/v7-m/nofp\libc_nano.a(libc_a-setbuf.o)
                0x0000000008004740                setbuf
 .text.setvbuf  0x0000000008004750      0x15c C:/ST/STM32CubeIDE_1.7.0/STM32CubeIDE/plugins/com.st.stm32cube.ide.mcu.externaltools.gnu-tools-for-stm32.11.3.rel1.win32_1.1.0.202305231506/tools/bin/../lib/gcc/arm-none-eabi/11.3.1/../../../../arm-none-eabi/lib/thumb/v7-m/nofp\libc_nano.a(libc_a-setvbuf.o)
                0x0000000008004750                setvbuf
 .text.__sread  0x00000000080048ac       0x22 C:/ST/STM32CubeIDE_1.7.0/STM32CubeIDE/plugins/com.st.stm32cube.ide.mcu.externaltools.gnu-tools-for-stm32.11.3.rel1.win32_1.1.0.202305231506/tools/bin/../lib/gcc/arm-none-eabi/11.3.1/../../../../arm-none-eabi/lib/thumb/v7-m/nofp\libc_nano.a(libc_a-stdio.o)
                0x00000000080048ac                __sread
 .text.__swrite
                0x00000000080048ce       0x38 C:/ST/STM32CubeIDE_1.7.0/STM32CubeIDE/plugins/com.st.stm32cube.ide.mcu.externaltools.gnu-tools-for-stm32.11.3.rel1.win32_1.1.0.202305231506/tools/bin/../lib/gcc/arm-none-eabi/11.3.1/../../../../arm-none-eabi/lib/thumb/v7-m/nofp\libc_nano.a(libc_a-stdio.o)
                0x00000000080048ce                __swrite
 .text.__sseek  0x0000000008004906       0x24 C:/ST/STM32CubeIDE_1.7.0/STM32CubeIDE/plugins/com.st.stm32cube.ide.mcu.externaltools.gnu-tools-for-stm32.11.3.rel1.win32_1.1.0.202305231506/tools/bin/../lib/gcc/arm-none-eabi/11.3.1/../../../../arm-none-eabi/lib/thumb/v7-m/nofp\libc_nano.a(libc_a-stdio.o)
                0x0000000008004906                __sseek
 .text.__sclose
                0x000000000800492a        0x8 C:/ST/STM32CubeIDE_1.7.0/STM32CubeIDE/plugins/com.st.stm32cube.ide.mcu.externaltools.gnu-tools-for-stm32.11.3.rel1.win32_1.1.0.202305231506/tools/bin/../lib/gcc/arm-none-eabi/11.3.1/../../../../arm-none-eabi/lib/thumb/v7-m/nofp\libc_nano.a(libc_a-stdio.o)
                0x000000000800492a                __sclose
 .text.memmove  0x0000000008004932       0x34 C:/ST/STM32CubeIDE_1.7.0/STM32CubeIDE/plugins/com.st.stm32cube.ide.mcu.externaltools.gnu-tools-for-stm32.11.3.rel1.win32_1.1.0.202305231506/tools/bin/../lib/gcc/arm-none-eabi/11.3.1/../../../../arm-none-eabi/lib/thumb/v7-m/nofp\libc_nano.a(libc_a-memmove.o)
                0x0000000008004932                memmove
 .text.memset   0x0000000008004966       0x10 C:/ST/STM32CubeIDE_1.7.0/STM32CubeIDE/plugins/com.st.stm32cube.ide.mcu.externaltools.gnu-tools-for-stm32.11.3.rel1.win32_1.1.0.202305231506/tools/bin/../lib/gcc/arm-none-eabi/11.3.1/../../../../arm-none-eabi/lib/thumb/v7-m/nofp\libc_nano.a(libc_a-memset.o)
                0x0000000008004966                memset
 .text._raise_r
                0x0000000008004976       0x50 C:/ST/STM32CubeIDE_1.7.0/STM32CubeIDE/plugins/com.st.stm32cube.ide.mcu.externaltools.gnu-tools-for-stm32.11.3.rel1.win32_1.1.0.202305231506/tools/bin/../lib/gcc/arm-none-eabi/11.3.1/../../../../arm-none-eabi/lib/thumb/v7-m/nofp\libc_nano.a(libc_a-signal.o)
                0x0000000008004976                _raise_r
 *fill*         0x00000000080049c6        0x2 
 .text.raise    0x00000000080049c8       0x10 C:/ST/STM32CubeIDE_1.7.0/STM32CubeIDE/plugins/com.st.stm32cube.ide.mcu.externaltools.gnu-tools-for-stm32.11.3.rel1.win32_1.1.0.202305231506/tools/bin/../lib/gcc/arm-none-eabi/11.3.1/../../../../arm-none-eabi/lib/thumb/v7-m/nofp\libc_nano.a(libc_a-signal.o)
                0x00000000080049c8                raise
 .text._close_r
                0x00000000080049d8       0x20 C:/ST/STM32CubeIDE_1.7.0/STM32CubeIDE/plugins/com.st.stm32cube.ide.mcu.externaltools.gnu-tools-for-stm32.11.3.rel1.win32_1.1.0.202305231506/tools/bin/../lib/gcc/arm-none-eabi/11.3.1/../../../../arm-none-eabi/lib/thumb/v7-m/nofp\libc_nano.a(libc_a-closer.o)
                0x00000000080049d8                _close_r
 .text._lseek_r
                0x00000000080049f8       0x24 C:/ST/STM32CubeIDE_1.7.0/STM32CubeIDE/plugins/com.st.stm32cube.ide.mcu.externaltools.gnu-tools-for-stm32.11.3.rel1.win32_1.1.0.202305231506/tools/bin/../lib/gcc/arm-none-eabi/11.3.1/../../../../arm-none-eabi/lib/thumb/v7-m/nofp\libc_nano.a(libc_a-lseekr.o)
                0x00000000080049f8                _lseek_r
 .text._read_r  0x0000000008004a1c       0x24 C:/ST/STM32CubeIDE_1.7.0/STM32CubeIDE/plugins/com.st.stm32cube.ide.mcu.externaltools.gnu-tools-for-stm32.11.3.rel1.win32_1.1.0.202305231506/tools/bin/../lib/gcc/arm-none-eabi/11.3.1/../../../../arm-none-eabi/lib/thumb/v7-m/nofp\libc_nano.a(libc_a-readr.o)
                0x0000000008004a1c                _read_r
 .text._kill_r  0x0000000008004a40       0x24 C:/ST/STM32CubeIDE_1.7.0/STM32CubeIDE/plugins/com.st.stm32cube.ide.mcu.externaltools.gnu-tools-for-stm32.11.3.rel1.win32_1.1.0.202305231506/tools/bin/../lib/gcc/arm-none-eabi/11.3.1/../../../../arm-none-eabi/lib/thumb/v7-m/nofp\libc_nano.a(libc_a-signalr.o)
                0x0000000008004a40                _kill_r
 .text._getpid_r
                0x0000000008004a64        0x4 C:/ST/STM32CubeIDE_1.7.0/STM32CubeIDE/plugins/com.st.stm32cube.ide.mcu.externaltools.gnu-tools-for-stm32.11.3.rel1.win32_1.1.0.202305231506/tools/bin/../lib/gcc/arm-none-eabi/11.3.1/../../../../arm-none-eabi/lib/thumb/v7-m/nofp\libc_nano.a(libc_a-signalr.o)
                0x0000000008004a64                _getpid_r
 .text._sbrk_r  0x0000000008004a68       0x20 C:/ST/STM32CubeIDE_1.7.0/STM32CubeIDE/plugins/com.st.stm32cube.ide.mcu.externaltools.gnu-tools-for-stm32.11.3.rel1.win32_1.1.0.202305231506/tools/bin/../lib/gcc/arm-none-eabi/11.3.1/../../../../arm-none-eabi/lib/thumb/v7-m/nofp\libc_nano.a(libc_a-sbrkr.o)
                0x0000000008004a68                _sbrk_r
 .text._write_r
                0x0000000008004a88       0x24 C:/ST/STM32CubeIDE_1.7.0/STM32CubeIDE/plugins/com.st.stm32cube.ide.mcu.externaltools.gnu-tools-for-stm32.11.3.rel1.win32_1.1.0.202305231506/tools/bin/../lib/gcc/arm-none-eabi/11.3.1/../../../../arm-none-eabi/lib/thumb/v7-m/nofp\libc_nano.a(libc_a-writer.o)
                0x0000000008004a88                _write_r
 .text.__errno  0x0000000008004aac        0xc C:/ST/STM32CubeIDE_1.7.0/STM32CubeIDE/plugins/com.st.stm32cube.ide.mcu.externaltools.gnu-tools-for-stm32.11.3.rel1.win32_1.1.0.202305231506/tools/bin/../lib/gcc/arm-none-eabi/11.3.1/../../../../arm-none-eabi/lib/thumb/v7-m/nofp\libc_nano.a(libc_a-errno.o)
                0x0000000008004aac                __errno
 .text.__libc_init_array
                0x0000000008004ab8       0x48 C:/ST/STM32CubeIDE_1.7.0/STM32CubeIDE/plugins/com.st.stm32cube.ide.mcu.externaltools.gnu-tools-for-stm32.11.3.rel1.win32_1.1.0.202305231506/tools/bin/../lib/gcc/arm-none-eabi/11.3.1/../../../../arm-none-eabi/lib/thumb/v7-m/nofp\libc_nano.a(libc_a-init.o)
                0x0000000008004ab8                __libc_init_array
 .text.__retarget_lock_acquire_recursive
                0x0000000008004b00        0x2 C:/ST/STM32CubeIDE_1.7.0/STM32CubeIDE/plugins/com.st.stm32cube.ide.mcu.externaltools.gnu-tools-for-stm32.11.3.rel1.win32_1.1.0.202305231506/tools/bin/../lib/gcc/arm-none-eabi/11.3.1/../../../../arm-none-eabi/lib/thumb/v7-m/nofp\libc_nano.a(libc_a-lock.o)
                0x0000000008004b00                __retarget_lock_acquire_recursive
 .text.__retarget_lock_release_recursive
                0x0000000008004b02        0x2 C:/ST/STM32CubeIDE_1.7.0/STM32CubeIDE/plugins/com.st.stm32cube.ide.mcu.externaltools.gnu-tools-for-stm32.11.3.rel1.win32_1.1.0.202305231506/tools/bin/../lib/gcc/arm-none-eabi/11.3.1/../../../../arm-none-eabi/lib/thumb/v7-m/nofp\libc_nano.a(libc_a-lock.o)
                0x0000000008004b02                __retarget_lock_release_recursive
 .text.memcpy   0x0000000008004b04       0x1c C:/ST/STM32CubeIDE_1.7.0/STM32CubeIDE/plugins/com.st.stm32cube.ide.mcu.externaltools.gnu-tools-for-stm32.11.3.rel1.win32_1.1.0.202305231506/tools/bin/../lib/gcc/arm-none-eabi/11.3.1/../../../../arm-none-eabi/lib/thumb/v7-m/nofp\libc_nano.a(libc_a-memcpy-stub.o)
                0x0000000008004b04                memcpy
 .text._free_r  0x0000000008004b20       0x90 C:/ST/STM32CubeIDE_1.7.0/STM32CubeIDE/plugins/com.st.stm32cube.ide.mcu.externaltools.gnu-tools-for-stm32.11.3.rel1.win32_1.1.0.202305231506/tools/bin/../lib/gcc/arm-none-eabi/11.3.1/../../../../arm-none-eabi/lib/thumb/v7-m/nofp\libc_nano.a(libc_a-freer.o)
                0x0000000008004b20                _free_r
 .text.__sfputc_r
                0x0000000008004bb0       0x2a C:/ST/STM32CubeIDE_1.7.0/STM32CubeIDE/plugins/com.st.stm32cube.ide.mcu.externaltools.gnu-tools-for-stm32.11.3.rel1.win32_1.1.0.202305231506/tools/bin/../lib/gcc/arm-none-eabi/11.3.1/../../../../arm-none-eabi/lib/thumb/v7-m/nofp\libc_nano.a(libc_a-nano-vfprintf.o)
 .text.__sfputs_r
                0x0000000008004bda       0x24 C:/ST/STM32CubeIDE_1.7.0/STM32CubeIDE/plugins/com.st.stm32cube.ide.mcu.externaltools.gnu-tools-for-stm32.11.3.rel1.win32_1.1.0.202305231506/tools/bin/../lib/gcc/arm-none-eabi/11.3.1/../../../../arm-none-eabi/lib/thumb/v7-m/nofp\libc_nano.a(libc_a-nano-vfprintf.o)
                0x0000000008004bda                __sfputs_r
 *fill*         0x0000000008004bfe        0x2 
 .text._vfprintf_r
                0x0000000008004c00      0x234 C:/ST/STM32CubeIDE_1.7.0/STM32CubeIDE/plugins/com.st.stm32cube.ide.mcu.externaltools.gnu-tools-for-stm32.11.3.rel1.win32_1.1.0.202305231506/tools/bin/../lib/gcc/arm-none-eabi/11.3.1/../../../../arm-none-eabi/lib/thumb/v7-m/nofp\libc_nano.a(libc_a-nano-vfprintf.o)
                0x0000000008004c00                _vfprintf_r
                0x0000000008004c00                _vfiprintf_r
 .text._printf_common
                0x0000000008004e34       0xe4 C:/ST/STM32CubeIDE_1.7.0/STM32CubeIDE/plugins/com.st.stm32cube.ide.mcu.externaltools.gnu-tools-for-stm32.11.3.rel1.win32_1.1.0.202305231506/tools/bin/../lib/gcc/arm-none-eabi/11.3.1/../../../../arm-none-eabi/lib/thumb/v7-m/nofp\libc_nano.a(libc_a-nano-vfprintf_i.o)
                0x0000000008004e34                _printf_common
 .text._printf_i
                0x0000000008004f18      0x244 C:/ST/STM32CubeIDE_1.7.0/STM32CubeIDE/plugins/com.st.stm32cube.ide.mcu.externaltools.gnu-tools-for-stm32.11.3.rel1.win32_1.1.0.202305231506/tools/bin/../lib/gcc/arm-none-eabi/11.3.1/../../../../arm-none-eabi/lib/thumb/v7-m/nofp\libc_nano.a(libc_a-nano-vfprintf_i.o)
                0x0000000008004f18                _printf_i
 .text.__sflush_r
                0x000000000800515c      0x104 C:/ST/STM32CubeIDE_1.7.0/STM32CubeIDE/plugins/com.st.stm32cube.ide.mcu.externaltools.gnu-tools-for-stm32.11.3.rel1.win32_1.1.0.202305231506/tools/bin/../lib/gcc/arm-none-eabi/11.3.1/../../../../arm-none-eabi/lib/thumb/v7-m/nofp\libc_nano.a(libc_a-fflush.o)
                0x000000000800515c                __sflush_r
 .text._fflush_r
                0x0000000008005260       0x50 C:/ST/STM32CubeIDE_1.7.0/STM32CubeIDE/plugins/com.st.stm32cube.ide.mcu.externaltools.gnu-tools-for-stm32.11.3.rel1.win32_1.1.0.202305231506/tools/bin/../lib/gcc/arm-none-eabi/11.3.1/../../../../arm-none-eabi/lib/thumb/v7-m/nofp\libc_nano.a(libc_a-fflush.o)
                0x0000000008005260                _fflush_r
 .text.__swhatbuf_r
                0x00000000080052b0       0x4a C:/ST/STM32CubeIDE_1.7.0/STM32CubeIDE/plugins/com.st.stm32cube.ide.mcu.externaltools.gnu-tools-for-stm32.11.3.rel1.win32_1.1.0.202305231506/tools/bin/../lib/gcc/arm-none-eabi/11.3.1/../../../../arm-none-eabi/lib/thumb/v7-m/nofp\libc_nano.a(libc_a-makebuf.o)
                0x00000000080052b0                __swhatbuf_r
 .text.__smakebuf_r
                0x00000000080052fa       0x78 C:/ST/STM32CubeIDE_1.7.0/STM32CubeIDE/plugins/com.st.stm32cube.ide.mcu.externaltools.gnu-tools-for-stm32.11.3.rel1.win32_1.1.0.202305231506/tools/bin/../lib/gcc/arm-none-eabi/11.3.1/../../../../arm-none-eabi/lib/thumb/v7-m/nofp\libc_nano.a(libc_a-makebuf.o)
                0x00000000080052fa                __smakebuf_r
 .text.__swbuf_r
                0x0000000008005372       0x7a C:/ST/STM32CubeIDE_1.7.0/STM32CubeIDE/plugins/com.st.stm32cube.ide.mcu.externaltools.gnu-tools-for-stm32.11.3.rel1.win32_1.1.0.202305231506/tools/bin/../lib/gcc/arm-none-eabi/11.3.1/../../../../arm-none-eabi/lib/thumb/v7-m/nofp\libc_nano.a(libc_a-wbuf.o)
                0x0000000008005372                __swbuf_r
 .text.__swsetup_r
                0x00000000080053ec       0xb0 C:/ST/STM32CubeIDE_1.7.0/STM32CubeIDE/plugins/com.st.stm32cube.ide.mcu.externaltools.gnu-tools-for-stm32.11.3.rel1.win32_1.1.0.202305231506/tools/bin/../lib/gcc/arm-none-eabi/11.3.1/../../../../arm-none-eabi/lib/thumb/v7-m/nofp\libc_nano.a(libc_a-wsetup.o)
                0x00000000080053ec                __swsetup_r
 .text._fstat_r
                0x000000000800549c       0x24 C:/ST/STM32CubeIDE_1.7.0/STM32CubeIDE/plugins/com.st.stm32cube.ide.mcu.externaltools.gnu-tools-for-stm32.11.3.rel1.win32_1.1.0.202305231506/tools/bin/../lib/gcc/arm-none-eabi/11.3.1/../../../../arm-none-eabi/lib/thumb/v7-m/nofp\libc_nano.a(libc_a-fstatr.o)
                0x000000000800549c                _fstat_r
 .text._isatty_r
                0x00000000080054c0       0x20 C:/ST/STM32CubeIDE_1.7.0/STM32CubeIDE/plugins/com.st.stm32cube.ide.mcu.externaltools.gnu-tools-for-stm32.11.3.rel1.win32_1.1.0.202305231506/tools/bin/../lib/gcc/arm-none-eabi/11.3.1/../../../../arm-none-eabi/lib/thumb/v7-m/nofp\libc_nano.a(libc_a-isattyr.o)
                0x00000000080054c0                _isatty_r
 .text.memchr   0x00000000080054e0       0x1c C:/ST/STM32CubeIDE_1.7.0/STM32CubeIDE/plugins/com.st.stm32cube.ide.mcu.externaltools.gnu-tools-for-stm32.11.3.rel1.win32_1.1.0.202305231506/tools/bin/../lib/gcc/arm-none-eabi/11.3.1/../../../../arm-none-eabi/lib/thumb/v7-m/nofp\libc_nano.a(libc_a-memchr-stub.o)
                0x00000000080054e0                memchr
 *(.glue_7)
 .glue_7        0x00000000080054fc        0x0 linker stubs
 *(.glue_7t)
 .glue_7t       0x00000000080054fc        0x0 linker stubs
 *(.eh_frame)
 .eh_frame      0x00000000080054fc        0x0 C:/ST/STM32CubeIDE_1.7.0/STM32CubeIDE/plugins/com.st.stm32cube.ide.mcu.externaltools.gnu-tools-for-stm32.11.3.rel1.win32_1.1.0.202305231506/tools/bin/../lib/gcc/arm-none-eabi/11.3.1/thumb/v7-m/nofp/crtbegin.o
 *(.init)
 .init          0x00000000080054fc        0x4 C:/ST/STM32CubeIDE_1.7.0/STM32CubeIDE/plugins/com.st.stm32cube.ide.mcu.externaltools.gnu-tools-for-stm32.11.3.rel1.win32_1.1.0.202305231506/tools/bin/../lib/gcc/arm-none-eabi/11.3.1/thumb/v7-m/nofp/crti.o
                0x00000000080054fc                _init
 .init          0x0000000008005500        0x8 C:/ST/STM32CubeIDE_1.7.0/STM32CubeIDE/plugins/com.st.stm32cube.ide.mcu.externaltools.gnu-tools-for-stm32.11.3.rel1.win32_1.1.0.202305231506/tools/bin/../lib/gcc/arm-none-eabi/11.3.1/thumb/v7-m/nofp/crtn.o
 *(.fini)
 .fini          0x0000000008005508        0x4 C:/ST/STM32CubeIDE_1.7.0/STM32CubeIDE/plugins/com.st.stm32cube.ide.mcu.externaltools.gnu-tools-for-stm32.11.3.rel1.win32_1.1.0.202305231506/tools/bin/../lib/gcc/arm-none-eabi/11.3.1/thumb/v7-m/nofp/crti.o
                0x0000000008005508                _fini
 .fini          0x000000000800550c        0x8 C:/ST/STM32CubeIDE_1.7.0/STM32CubeIDE/plugins/com.st.stm32cube.ide.mcu.externaltools.gnu-tools-for-stm32.11.3.rel1.win32_1.1.0.202305231506/tools/bin/../lib/gcc/arm-none-eabi/11.3.1/thumb/v7-m/nofp/crtn.o
                0x0000000008005514                . = ALIGN (0x4)
                0x0000000008005514                _etext = .

.vfp11_veneer   0x0000000008005514        0x0
 .vfp11_veneer  0x0000000008005514        0x0 linker stubs

.v4_bx          0x0000000008005514        0x0
 .v4_bx         0x0000000008005514        0x0 linker stubs

.iplt           0x0000000008005514        0x0
 .iplt          0x0000000008005514        0x0 C:/ST/STM32CubeIDE_1.7.0/STM32CubeIDE/plugins/com.st.stm32cube.ide.mcu.externaltools.gnu-tools-for-stm32.11.3.rel1.win32_1.1.0.202305231506/tools/bin/../lib/gcc/arm-none-eabi/11.3.1/thumb/v7-m/nofp/crtbegin.o

.rodata         0x0000000008005514      0x124
                0x0000000008005514                . = ALIGN (0x4)
 *(.rodata)
 *(.rodata*)
 .rodata._ZTV22LinearHallSensor_AH59E
                0x0000000008005514       0x10 ./Core/Src/LinearHallSensorAH59E.o
                0x0000000008005514                vtable for LinearHallSensor_AH59E
 .rodata._ZNSt6vectorIhSaIhEEC2ESt16initializer_listIhERKS0_.str1.1
                0x0000000008005524       0x31 ./Core/Src/alt_main.o
 .rodata.alt_main.str1.1
                0x0000000008005555        0xd ./Core/Src/alt_main.o
 .rodata._ZNSt6vectorIN28gamepad_digital_input_driver6buttonESaIS1_EE17_M_realloc_insertIJRKS1_EEEvN9__gnu_cxx17__normal_iteratorIPS1_S3_EEDpOT_.str1.1
                0x0000000008005562       0x1a ./Core/Src/gamepad_digital_input_driver.o
 .rodata.AHBPrescTable
                0x000000000800557c       0x10 ./Core/Src/system_stm32f1xx.o
                0x000000000800557c                AHBPrescTable
 .rodata.APBPrescTable
                0x000000000800558c        0x8 ./Core/Src/system_stm32f1xx.o
                0x000000000800558c                APBPrescTable
 .rodata.aPLLMULFactorTable.1
                0x0000000008005594       0x10 ./Drivers/STM32F1xx_HAL_Driver/Src/stm32f1xx_hal_rcc.o
 .rodata.aPredivFactorTable.0
                0x00000000080055a4        0x2 ./Drivers/STM32F1xx_HAL_Driver/Src/stm32f1xx_hal_rcc.o
 .rodata.aPLLMULFactorTable.1
                0x00000000080055a6       0x10 ./Drivers/STM32F1xx_HAL_Driver/Src/stm32f1xx_hal_rcc_ex.o
 .rodata.aPredivFactorTable.0
                0x00000000080055b6        0x2 ./Drivers/STM32F1xx_HAL_Driver/Src/stm32f1xx_hal_rcc_ex.o
 .rodata.USBD_FS_ManufacturerStrDescriptor.str1.1
                0x00000000080055b8        0x7 ./USB_DEVICE/App/usbd_desc.o
 .rodata.USBD_FS_ProductStrDescriptor.str1.1
                0x00000000080055bf       0x1b ./USB_DEVICE/App/usbd_desc.o
 .rodata.USBD_FS_ConfigStrDescriptor.str1.1
                0x00000000080055da       0x12 ./USB_DEVICE/App/usbd_desc.o
 .rodata.USBD_FS_InterfaceStrDescriptor.str1.1
                0x00000000080055ec       0x15 ./USB_DEVICE/App/usbd_desc.o
 .rodata.CSWTCH.3
                0x0000000008005601        0x4 ./USB_DEVICE/Target/usbd_conf.o
 .rodata._vfprintf_r.str1.1
                0x0000000008005605       0x11 C:/ST/STM32CubeIDE_1.7.0/STM32CubeIDE/plugins/com.st.stm32cube.ide.mcu.externaltools.gnu-tools-for-stm32.11.3.rel1.win32_1.1.0.202305231506/tools/bin/../lib/gcc/arm-none-eabi/11.3.1/../../../../arm-none-eabi/lib/thumb/v7-m/nofp\libc_nano.a(libc_a-nano-vfprintf.o)
 .rodata._printf_i.str1.1
                0x0000000008005616       0x22 C:/ST/STM32CubeIDE_1.7.0/STM32CubeIDE/plugins/com.st.stm32cube.ide.mcu.externaltools.gnu-tools-for-stm32.11.3.rel1.win32_1.1.0.202305231506/tools/bin/../lib/gcc/arm-none-eabi/11.3.1/../../../../arm-none-eabi/lib/thumb/v7-m/nofp\libc_nano.a(libc_a-nano-vfprintf_i.o)
                0x0000000008005638                . = ALIGN (0x4)

.rel.dyn        0x0000000008005638        0x0
 .rel.iplt      0x0000000008005638        0x0 C:/ST/STM32CubeIDE_1.7.0/STM32CubeIDE/plugins/com.st.stm32cube.ide.mcu.externaltools.gnu-tools-for-stm32.11.3.rel1.win32_1.1.0.202305231506/tools/bin/../lib/gcc/arm-none-eabi/11.3.1/thumb/v7-m/nofp/crtbegin.o

.ARM.extab      0x0000000008005638        0x0
                0x0000000008005638                . = ALIGN (0x4)
 *(.ARM.extab* .gnu.linkonce.armextab.*)
                0x0000000008005638                . = ALIGN (0x4)

.ARM            0x0000000008005638        0x0
                0x0000000008005638                . = ALIGN (0x4)
                0x0000000008005638                __exidx_start = .
 *(.ARM.exidx*)
                0x0000000008005638                __exidx_end = .
                0x0000000008005638                . = ALIGN (0x4)

.preinit_array  0x0000000008005638        0x0
                0x0000000008005638                . = ALIGN (0x4)
                0x0000000008005638                PROVIDE (__preinit_array_start = .)
 *(.preinit_array*)
                0x0000000008005638                PROVIDE (__preinit_array_end = .)
                0x0000000008005638                . = ALIGN (0x4)

.init_array     0x0000000008005638        0x4
                0x0000000008005638                . = ALIGN (0x4)
                0x0000000008005638                PROVIDE (__init_array_start = .)
 *(SORT_BY_NAME(.init_array.*))
 *(.init_array*)
 .init_array    0x0000000008005638        0x4 C:/ST/STM32CubeIDE_1.7.0/STM32CubeIDE/plugins/com.st.stm32cube.ide.mcu.externaltools.gnu-tools-for-stm32.11.3.rel1.win32_1.1.0.202305231506/tools/bin/../lib/gcc/arm-none-eabi/11.3.1/thumb/v7-m/nofp/crtbegin.o
                0x000000000800563c                PROVIDE (__init_array_end = .)
                0x000000000800563c                . = ALIGN (0x4)

.fini_array     0x000000000800563c        0x4
                0x000000000800563c                . = ALIGN (0x4)
                [!provide]                        PROVIDE (__fini_array_start = .)
 *(SORT_BY_NAME(.fini_array.*))
 *(.fini_array*)
 .fini_array    0x000000000800563c        0x4 C:/ST/STM32CubeIDE_1.7.0/STM32CubeIDE/plugins/com.st.stm32cube.ide.mcu.externaltools.gnu-tools-for-stm32.11.3.rel1.win32_1.1.0.202305231506/tools/bin/../lib/gcc/arm-none-eabi/11.3.1/thumb/v7-m/nofp/crtbegin.o
                [!provide]                        PROVIDE (__fini_array_end = .)
                0x0000000008005640                . = ALIGN (0x4)
                0x0000000008005640                _sidata = LOADADDR (.data)

.data           0x0000000020000000      0x1d0 load address 0x0000000008005640
                0x0000000020000000                . = ALIGN (0x4)
                0x0000000020000000                _sdata = .
 *(.data)
 *(.data*)
 .data.SystemCoreClock
                0x0000000020000000        0x4 ./Core/Src/system_stm32f1xx.o
                0x0000000020000000                SystemCoreClock
 .data.uwTickFreq
                0x0000000020000004        0x1 ./Drivers/STM32F1xx_HAL_Driver/Src/stm32f1xx_hal.o
                0x0000000020000004                uwTickFreq
 *fill*         0x0000000020000005        0x3 
 .data.uwTickPrio
                0x0000000020000008        0x4 ./Drivers/STM32F1xx_HAL_Driver/Src/stm32f1xx_hal.o
                0x0000000020000008                uwTickPrio
 .data.USBD_CUSTOM_HID
                0x000000002000000c       0x38 ./Middlewares/ST/STM32_USB_Device_Library/Class/CustomHID/Src/usbd_customhid.o
                0x000000002000000c                USBD_CUSTOM_HID
 .data.USBD_CUSTOM_HID_CfgFSDesc
                0x0000000020000044       0x29 ./Middlewares/ST/STM32_USB_Device_Library/Class/CustomHID/Src/usbd_customhid.o
 *fill*         0x000000002000006d        0x3 
 .data.USBD_CUSTOM_HID_CfgHSDesc
                0x0000000020000070       0x29 ./Middlewares/ST/STM32_USB_Device_Library/Class/CustomHID/Src/usbd_customhid.o
 *fill*         0x0000000020000099        0x3 
 .data.USBD_CUSTOM_HID_Desc
                0x000000002000009c        0x9 ./Middlewares/ST/STM32_USB_Device_Library/Class/CustomHID/Src/usbd_customhid.o
 *fill*         0x00000000200000a5        0x3 
 .data.USBD_CUSTOM_HID_DeviceQualifierDesc
                0x00000000200000a8        0xa ./Middlewares/ST/STM32_USB_Device_Library/Class/CustomHID/Src/usbd_customhid.o
 *fill*         0x00000000200000b2        0x2 
 .data.USBD_CUSTOM_HID_OtherSpeedCfgDesc
                0x00000000200000b4       0x29 ./Middlewares/ST/STM32_USB_Device_Library/Class/CustomHID/Src/usbd_customhid.o
 *fill*         0x00000000200000dd        0x3 
 .data.CUSTOM_HID_ReportDesc_FS
                0x00000000200000e0       0x31 ./USB_DEVICE/App/usbd_custom_hid_if.o
 *fill*         0x0000000020000111        0x3 
 .data.USBD_CustomHID_fops_FS
                0x0000000020000114       0x10 ./USB_DEVICE/App/usbd_custom_hid_if.o
                0x0000000020000114                USBD_CustomHID_fops_FS
 .data.FS_Desc  0x0000000020000124       0x1c ./USB_DEVICE/App/usbd_desc.o
                0x0000000020000124                FS_Desc
 .data.USBD_FS_DeviceDesc
                0x0000000020000140       0x12 ./USB_DEVICE/App/usbd_desc.o
                0x0000000020000140                USBD_FS_DeviceDesc
 *fill*         0x0000000020000152        0x2 
 .data.USBD_LangIDDesc
                0x0000000020000154        0x4 ./USB_DEVICE/App/usbd_desc.o
                0x0000000020000154                USBD_LangIDDesc
 .data.USBD_StringSerial
                0x0000000020000158       0x1a ./USB_DEVICE/App/usbd_desc.o
                0x0000000020000158                USBD_StringSerial
 *fill*         0x0000000020000172        0x2 
 .data.__sglue  0x0000000020000174        0xc C:/ST/STM32CubeIDE_1.7.0/STM32CubeIDE/plugins/com.st.stm32cube.ide.mcu.externaltools.gnu-tools-for-stm32.11.3.rel1.win32_1.1.0.202305231506/tools/bin/../lib/gcc/arm-none-eabi/11.3.1/../../../../arm-none-eabi/lib/thumb/v7-m/nofp\libc_nano.a(libc_a-findfp.o)
                0x0000000020000174                __sglue
 .data._impure_data
                0x0000000020000180       0x4c C:/ST/STM32CubeIDE_1.7.0/STM32CubeIDE/plugins/com.st.stm32cube.ide.mcu.externaltools.gnu-tools-for-stm32.11.3.rel1.win32_1.1.0.202305231506/tools/bin/../lib/gcc/arm-none-eabi/11.3.1/../../../../arm-none-eabi/lib/thumb/v7-m/nofp\libc_nano.a(libc_a-impure.o)
                0x0000000020000180                _impure_data
 .data._impure_ptr
                0x00000000200001cc        0x4 C:/ST/STM32CubeIDE_1.7.0/STM32CubeIDE/plugins/com.st.stm32cube.ide.mcu.externaltools.gnu-tools-for-stm32.11.3.rel1.win32_1.1.0.202305231506/tools/bin/../lib/gcc/arm-none-eabi/11.3.1/../../../../arm-none-eabi/lib/thumb/v7-m/nofp\libc_nano.a(libc_a-impure.o)
                0x00000000200001cc                _impure_ptr
 *(.RamFunc)
 *(.RamFunc*)
                0x00000000200001d0                . = ALIGN (0x4)
                0x00000000200001d0                _edata = .

.igot.plt       0x00000000200001d0        0x0 load address 0x0000000008005810
 .igot.plt      0x00000000200001d0        0x0 C:/ST/STM32CubeIDE_1.7.0/STM32CubeIDE/plugins/com.st.stm32cube.ide.mcu.externaltools.gnu-tools-for-stm32.11.3.rel1.win32_1.1.0.202305231506/tools/bin/../lib/gcc/arm-none-eabi/11.3.1/thumb/v7-m/nofp/crtbegin.o
                0x00000000200001d0                . = ALIGN (0x4)

.bss            0x00000000200001d0      0xa50 load address 0x0000000008005810
                0x00000000200001d0                _sbss = .
                0x00000000200001d0                __bss_start__ = _sbss
 *(.bss)
 .bss           0x00000000200001d0       0x1c C:/ST/STM32CubeIDE_1.7.0/STM32CubeIDE/plugins/com.st.stm32cube.ide.mcu.externaltools.gnu-tools-for-stm32.11.3.rel1.win32_1.1.0.202305231506/tools/bin/../lib/gcc/arm-none-eabi/11.3.1/thumb/v7-m/nofp/crtbegin.o
 *(.bss*)
 .bss.hadc1     0x00000000200001ec       0x30 ./Core/Src/adc.o
                0x00000000200001ec                hadc1
 .bss.hi2c1     0x000000002000021c       0x54 ./Core/Src/i2c.o
                0x000000002000021c                hi2c1
 .bss.__sbrk_heap_end
                0x0000000020000270        0x4 ./Core/Src/sysmem.o
 .bss.huart1    0x0000000020000274       0x48 ./Core/Src/usart.o
                0x0000000020000274                huart1
 .bss.uwTick    0x00000000200002bc        0x4 ./Drivers/STM32F1xx_HAL_Driver/Src/stm32f1xx_hal.o
                0x00000000200002bc                uwTick
 .bss.cfgidx.0  0x00000000200002c0        0x1 ./Middlewares/ST/STM32_USB_Device_Library/Core/Src/usbd_ctlreq.o
 *fill*         0x00000000200002c1        0x3 
 .bss.hUsbDeviceFS
                0x00000000200002c4      0x2c4 ./USB_DEVICE/App/usb_device.o
                0x00000000200002c4                hUsbDeviceFS
 .bss.USBD_StrDesc
                0x0000000020000588      0x200 ./USB_DEVICE/App/usbd_desc.o
                0x0000000020000588                USBD_StrDesc
 .bss.hpcd_USB_FS
                0x0000000020000788      0x2f0 ./USB_DEVICE/Target/usbd_conf.o
                0x0000000020000788                hpcd_USB_FS
 .bss.mem.0     0x0000000020000a78       0x58 ./USB_DEVICE/Target/usbd_conf.o
 .bss._ZN12_GLOBAL__N_113__new_handlerE
                0x0000000020000ad0        0x4 C:/ST/STM32CubeIDE_1.7.0/STM32CubeIDE/plugins/com.st.stm32cube.ide.mcu.externaltools.gnu-tools-for-stm32.11.3.rel1.win32_1.1.0.202305231506/tools/bin/../lib/gcc/arm-none-eabi/11.3.1/../../../../arm-none-eabi/lib/thumb/v7-m/nofp\libstdc++_nano.a(new_handler.o)
 .bss.__malloc_free_list
                0x0000000020000ad4        0x4 C:/ST/STM32CubeIDE_1.7.0/STM32CubeIDE/plugins/com.st.stm32cube.ide.mcu.externaltools.gnu-tools-for-stm32.11.3.rel1.win32_1.1.0.202305231506/tools/bin/../lib/gcc/arm-none-eabi/11.3.1/../../../../arm-none-eabi/lib/thumb/v7-m/nofp\libc_nano.a(libc_a-mallocr.o)
                0x0000000020000ad4                __malloc_free_list
 .bss.__malloc_sbrk_start
                0x0000000020000ad8        0x4 C:/ST/STM32CubeIDE_1.7.0/STM32CubeIDE/plugins/com.st.stm32cube.ide.mcu.externaltools.gnu-tools-for-stm32.11.3.rel1.win32_1.1.0.202305231506/tools/bin/../lib/gcc/arm-none-eabi/11.3.1/../../../../arm-none-eabi/lib/thumb/v7-m/nofp\libc_nano.a(libc_a-mallocr.o)
                0x0000000020000ad8                __malloc_sbrk_start
 .bss.__sf      0x0000000020000adc      0x138 C:/ST/STM32CubeIDE_1.7.0/STM32CubeIDE/plugins/com.st.stm32cube.ide.mcu.externaltools.gnu-tools-for-stm32.11.3.rel1.win32_1.1.0.202305231506/tools/bin/../lib/gcc/arm-none-eabi/11.3.1/../../../../arm-none-eabi/lib/thumb/v7-m/nofp\libc_nano.a(libc_a-findfp.o)
                0x0000000020000adc                __sf
 .bss.__stdio_exit_handler
                0x0000000020000c14        0x4 C:/ST/STM32CubeIDE_1.7.0/STM32CubeIDE/plugins/com.st.stm32cube.ide.mcu.externaltools.gnu-tools-for-stm32.11.3.rel1.win32_1.1.0.202305231506/tools/bin/../lib/gcc/arm-none-eabi/11.3.1/../../../../arm-none-eabi/lib/thumb/v7-m/nofp\libc_nano.a(libc_a-findfp.o)
                0x0000000020000c14                __stdio_exit_handler
 .bss.errno     0x0000000020000c18        0x4 C:/ST/STM32CubeIDE_1.7.0/STM32CubeIDE/plugins/com.st.stm32cube.ide.mcu.externaltools.gnu-tools-for-stm32.11.3.rel1.win32_1.1.0.202305231506/tools/bin/../lib/gcc/arm-none-eabi/11.3.1/../../../../arm-none-eabi/lib/thumb/v7-m/nofp\libc_nano.a(libc_a-reent.o)
                0x0000000020000c18                errno
 .bss.__lock___malloc_recursive_mutex
                0x0000000020000c1c        0x1 C:/ST/STM32CubeIDE_1.7.0/STM32CubeIDE/plugins/com.st.stm32cube.ide.mcu.externaltools.gnu-tools-for-stm32.11.3.rel1.win32_1.1.0.202305231506/tools/bin/../lib/gcc/arm-none-eabi/11.3.1/../../../../arm-none-eabi/lib/thumb/v7-m/nofp\libc_nano.a(libc_a-lock.o)
                0x0000000020000c1c                __lock___malloc_recursive_mutex
 .bss.__lock___sfp_recursive_mutex
                0x0000000020000c1d        0x1 C:/ST/STM32CubeIDE_1.7.0/STM32CubeIDE/plugins/com.st.stm32cube.ide.mcu.externaltools.gnu-tools-for-stm32.11.3.rel1.win32_1.1.0.202305231506/tools/bin/../lib/gcc/arm-none-eabi/11.3.1/../../../../arm-none-eabi/lib/thumb/v7-m/nofp\libc_nano.a(libc_a-lock.o)
                0x0000000020000c1d                __lock___sfp_recursive_mutex
 *(COMMON)
                0x0000000020000c20                . = ALIGN (0x4)
 *fill*         0x0000000020000c1e        0x2 
                0x0000000020000c20                _ebss = .
                0x0000000020000c20                __bss_end__ = _ebss

._user_heap_stack
                0x0000000020000c20      0x600 load address 0x0000000008005810
                0x0000000020000c20                . = ALIGN (0x8)
                [!provide]                        PROVIDE (end = .)
                0x0000000020000c20                PROVIDE (_end = .)
                0x0000000020000e20                . = (. + _Min_Heap_Size)
 *fill*         0x0000000020000c20      0x200 
                0x0000000020001220                . = (. + _Min_Stack_Size)
 *fill*         0x0000000020000e20      0x400 
                0x0000000020001220                . = ALIGN (0x8)

/DISCARD/
 libc.a(*)
 libm.a(*)
 libgcc.a(*)

.ARM.attributes
                0x0000000000000000       0x29
 *(.ARM.attributes)
 .ARM.attributes
                0x0000000000000000       0x1d C:/ST/STM32CubeIDE_1.7.0/STM32CubeIDE/plugins/com.st.stm32cube.ide.mcu.externaltools.gnu-tools-for-stm32.11.3.rel1.win32_1.1.0.202305231506/tools/bin/../lib/gcc/arm-none-eabi/11.3.1/thumb/v7-m/nofp/crti.o
 .ARM.attributes
                0x000000000000001d       0x2d C:/ST/STM32CubeIDE_1.7.0/STM32CubeIDE/plugins/com.st.stm32cube.ide.mcu.externaltools.gnu-tools-for-stm32.11.3.rel1.win32_1.1.0.202305231506/tools/bin/../lib/gcc/arm-none-eabi/11.3.1/thumb/v7-m/nofp/crtbegin.o
 .ARM.attributes
                0x000000000000004a       0x2d ./Core/Src/LinearHallSensorAH59E.o
 .ARM.attributes
                0x0000000000000077       0x2d ./Core/Src/adc.o
 .ARM.attributes
                0x00000000000000a4       0x2d ./Core/Src/alt_main.o
 .ARM.attributes
                0x00000000000000d1       0x2d ./Core/Src/gamepad.o
 .ARM.attributes
                0x00000000000000fe       0x2d ./Core/Src/gamepad_digital_input_driver.o
 .ARM.attributes
                0x000000000000012b       0x2d ./Core/Src/gpio.o
 .ARM.attributes
                0x0000000000000158       0x2d ./Core/Src/i2c.o
 .ARM.attributes
                0x0000000000000185       0x2d ./Core/Src/main.o
 .ARM.attributes
                0x00000000000001b2       0x2d ./Core/Src/stm32f1xx_hal_msp.o
 .ARM.attributes
                0x00000000000001df       0x2d ./Core/Src/stm32f1xx_it.o
 .ARM.attributes
                0x000000000000020c       0x2d ./Core/Src/syscalls.o
 .ARM.attributes
                0x0000000000000239       0x2d ./Core/Src/sysmem.o
 .ARM.attributes
                0x0000000000000266       0x2d ./Core/Src/system_stm32f1xx.o
 .ARM.attributes
                0x0000000000000293       0x2d ./Core/Src/usart.o
 .ARM.attributes
                0x00000000000002c0       0x21 ./Core/Startup/startup_stm32f103c6tx.o
 .ARM.attributes
                0x00000000000002e1       0x2d ./Drivers/STM32F1xx_HAL_Driver/Src/stm32f1xx_hal.o
 .ARM.attributes
                0x000000000000030e       0x2d ./Drivers/STM32F1xx_HAL_Driver/Src/stm32f1xx_hal_adc.o
 .ARM.attributes
                0x000000000000033b       0x2d ./Drivers/STM32F1xx_HAL_Driver/Src/stm32f1xx_hal_adc_ex.o
 .ARM.attributes
                0x0000000000000368       0x2d ./Drivers/STM32F1xx_HAL_Driver/Src/stm32f1xx_hal_cortex.o
 .ARM.attributes
                0x0000000000000395       0x2d ./Drivers/STM32F1xx_HAL_Driver/Src/stm32f1xx_hal_gpio.o
 .ARM.attributes
                0x00000000000003c2       0x2d ./Drivers/STM32F1xx_HAL_Driver/Src/stm32f1xx_hal_i2c.o
 .ARM.attributes
                0x00000000000003ef       0x2d ./Drivers/STM32F1xx_HAL_Driver/Src/stm32f1xx_hal_pcd.o
 .ARM.attributes
                0x000000000000041c       0x2d ./Drivers/STM32F1xx_HAL_Driver/Src/stm32f1xx_hal_pcd_ex.o
 .ARM.attributes
                0x0000000000000449       0x2d ./Drivers/STM32F1xx_HAL_Driver/Src/stm32f1xx_hal_rcc.o
 .ARM.attributes
                0x0000000000000476       0x2d ./Drivers/STM32F1xx_HAL_Driver/Src/stm32f1xx_hal_rcc_ex.o
 .ARM.attributes
                0x00000000000004a3       0x2d ./Drivers/STM32F1xx_HAL_Driver/Src/stm32f1xx_hal_uart.o
 .ARM.attributes
                0x00000000000004d0       0x2d ./Drivers/STM32F1xx_HAL_Driver/Src/stm32f1xx_ll_usb.o
 .ARM.attributes
                0x00000000000004fd       0x2d ./Middlewares/ST/STM32_USB_Device_Library/Class/CustomHID/Src/usbd_customhid.o
 .ARM.attributes
                0x000000000000052a       0x2d ./Middlewares/ST/STM32_USB_Device_Library/Core/Src/usbd_core.o
 .ARM.attributes
                0x0000000000000557       0x2d ./Middlewares/ST/STM32_USB_Device_Library/Core/Src/usbd_ctlreq.o
 .ARM.attributes